112.64.216.93 - - [06/Jul/2017:13:02:21 +0000] "GET /static/js/jquery.flexslider-min.js HTTP/1.1" 200 22342 "http://139.219.225.132/" "Mozilla/5.0 (Windows NT 10.0; WOW64) AppleWebKit/537.36 (KHTML, like Gecko) Chrome/59.0.3071.115 Safari/537.36"
112.64.216.93 - - [06/Jul/2017:13:02:21 +0000] "GET /static/js/jquery-3.2.1.min.js HTTP/1.1" 200 86659 "http://139.219.225.132/" "Mozilla/5.0 (Windows NT 10.0; WOW64) AppleWebKit/537.36 (KHTML, like Gecko) Chrome/59.0.3071.115 Safari/537.36"
112.64.216.93 - - [06/Jul/2017:13:02:21 +0000] "GET /static/js/main.js HTTP/1.1" 200 5838 "http://139.219.225.132/" "Mozilla/5.0 (Windows NT 10.0; WOW64) AppleWebKit/537.36 (KHTML, like Gecko) Chrome/59.0.3071.115 Safari/537.36"
112.64.216.93 - - [06/Jul/2017:13:02:21 +0000] "GET /static/js/manifest.js HTTP/1.1" 200 1418 "http://139.219.225.132/" "Mozilla/5.0 (Windows NT 10.0; WOW64) AppleWebKit/537.36 (KHTML, like Gecko) Chrome/59.0.3071.115 Safari/537.36"
112.64.216.93 - - [06/Jul/2017:13:02:21 +0000] "GET /static/css/admin_cd.css HTTP/1.1" 200 245201 "http://139.219.225.132/" "Mozilla/5.0 (Windows NT 10.0; WOW64) AppleWebKit/537.36 (KHTML, like Gecko) Chrome/59.0.3071.115 Safari/537.36"
112.64.216.93 - - [06/Jul/2017:13:02:21 +0000] "GET /static/js/admin_club.js HTTP/1.1" 200 56805 "http://139.219.225.132/" "Mozilla/5.0 (Windows NT 10.0; WOW64) AppleWebKit/537.36 (KHTML, like Gecko) Chrome/59.0.3071.115 Safari/537.36"
112.64.216.93 - - [06/Jul/2017:13:02:21 +0000] "GET /static/js/admin_cd.js HTTP/1.1" 200 27934 "http://139.219.225.132/" "Mozilla/5.0 (Windows NT 10.0; WOW64) AppleWebKit/537.36 (KHTML, like Gecko) Chrome/59.0.3071.115 Safari/537.36"
112.64.216.93 - - [06/Jul/2017:13:02:21 +0000] "GET /static/css/admin_club.css HTTP/1.1" 200 506493 "http://139.219.225.132/" "Mozilla/5.0 (Windows NT 10.0; WOW64) AppleWebKit/537.36 (KHTML, like Gecko) Chrome/59.0.3071.115 Safari/537.36"
112.64.216.93 - - [06/Jul/2017:13:02:22 +0000] "GET /static/js/index.js HTTP/1.1" 200 48565 "http://139.219.225.132/" "Mozilla/5.0 (Windows NT 10.0; WOW64) AppleWebKit/537.36 (KHTML, like Gecko) Chrome/59.0.3071.115 Safari/537.36"
112.64.216.93 - - [06/Jul/2017:13:02:22 +0000] "GET /static/js/vendor.js HTTP/1.1" 200 612278 "http://139.219.225.132/" "Mozilla/5.0 (Windows NT 10.0; WOW64) AppleWebKit/537.36 (KHTML, like Gecko) Chrome/59.0.3071.115 Safari/537.36"
112.64.216.93 - - [06/Jul/2017:13:02:23 +0000] "GET /static/css/index.css HTTP/1.1" 200 749578 "http://139.219.225.132/" "Mozilla/5.0 (Windows NT 10.0; WOW64) AppleWebKit/537.36 (KHTML, like Gecko) Chrome/59.0.3071.115 Safari/537.36"
112.64.216.93 - - [06/Jul/2017:13:02:26 +0000] "GET /static/fonts/icomoon.2b47cb1.ttf HTTP/1.1" 200 102868 "http://139.219.225.132/static/css/admin_club.css" "Mozilla/5.0 (Windows NT 10.0; WOW64) AppleWebKit/537.36 (KHTML, like Gecko) Chrome/59.0.3071.115 Safari/537.36"
112.64.216.93 - - [06/Jul/2017:13:02:28 +0000] "GET /static/img/4.90384d8.jpg HTTP/1.1" 200 1111250 "http://139.219.225.132/static/css/index.css" "Mozilla/5.0 (Windows NT 10.0; WOW64) AppleWebKit/537.36 (KHTML, like Gecko) Chrome/59.0.3071.115 Safari/537.36"
112.64.216.93 - - [06/Jul/2017:13:02:30 +0000] "GET /static/img/qlt.41dbdf0.jpg HTTP/1.1" 200 455867 "http://139.219.225.132/static/css/index.css" "Mozilla/5.0 (Windows NT 10.0; WOW64) AppleWebKit/537.36 (KHTML, like Gecko) Chrome/59.0.3071.115 Safari/537.36"
112.64.216.93 - - [06/Jul/2017:13:02:33 +0000] "GET /static/img/5.32ecdf2.jpg HTTP/1.1" 200 1373810 "http://139.219.225.132/static/css/index.css" "Mozilla/5.0 (Windows NT 10.0; WOW64) AppleWebKit/537.36 (KHTML, like Gecko) Chrome/59.0.3071.115 Safari/537.36"
112.64.216.93 - - [06/Jul/2017:13:02:34 +0000] "GET /static/img/9.5f9b6ab.jpg HTTP/1.1" 200 1791129 "http://139.219.225.132/static/css/index.css" "Mozilla/5.0 (Windows NT 10.0; WOW64) AppleWebKit/537.36 (KHTML, like Gecko) Chrome/59.0.3071.115 Safari/537.36"
112.64.216.93 - - [06/Jul/2017:13:02:36 +0000] "GET /static/img/2.f9a2431.jpg HTTP/1.1" 200 1248028 "http://139.219.225.132/static/css/index.css" "Mozilla/5.0 (Windows NT 10.0; WOW64) AppleWebKit/537.36 (KHTML, like Gecko) Chrome/59.0.3071.115 Safari/537.36"
112.64.216.93 - - [06/Jul/2017:13:02:37 +0000] "GET /static/img/6.940d8d3.jpg HTTP/1.1" 200 1582770 "http://139.219.225.132/static/css/index.css" "Mozilla/5.0 (Windows NT 10.0; WOW64) AppleWebKit/537.36 (KHTML, like Gecko) Chrome/59.0.3071.115 Safari/537.36"
112.64.216.93 - - [06/Jul/2017:13:02:37 +0000] "GET /favicon.ico HTTP/1.1" 404 993 "http://139.219.225.132/" "Mozilla/5.0 (Windows NT 10.0; WOW64) AppleWebKit/537.36 (KHTML, like Gecko) Chrome/59.0.3071.115 Safari/537.36"
112.64.216.93 - - [06/Jul/2017:13:03:24 +0000] "GET / HTTP/1.1" 200 321 "http://139.219.225.132/" "Mozilla/5.0 (Windows NT 10.0; WOW64) AppleWebKit/537.36 (KHTML, like Gecko) Chrome/59.0.3071.115 Safari/537.36"
112.64.216.93 - - [06/Jul/2017:13:03:30 +0000] "GET / HTTP/1.1" 200 321 "http://139.219.225.132/" "Mozilla/5.0 (Windows NT 10.0; WOW64) AppleWebKit/537.36 (KHTML, like Gecko) Chrome/59.0.3071.115 Safari/537.36"
112.64.216.93 - - [06/Jul/2017:13:03:31 +0000] "GET / HTTP/1.1" 200 321 "http://139.219.225.132/" "Mozilla/5.0 (Windows NT 10.0; WOW64) AppleWebKit/537.36 (KHTML, like Gecko) Chrome/59.0.3071.115 Safari/537.36"
112.64.216.93 - - [06/Jul/2017:13:03:36 +0000] "GET /about.html HTTP/1.1" 404 992 "http://139.219.225.132/" "Mozilla/5.0 (Windows NT 10.0; WOW64) AppleWebKit/537.36 (KHTML, like Gecko) Chrome/59.0.3071.115 Safari/537.36"
101.81.162.4 - - [06/Jul/2017:13:03:38 +0000] "GET / HTTP/1.1" 200 321 "-" "Mozilla/5.0 (Windows NT 10.0; Win64; x64) AppleWebKit/537.36 (KHTML, like Gecko) Chrome/59.0.3071.115 Safari/537.36"
101.81.162.4 - - [06/Jul/2017:13:03:38 +0000] "GET /static/css/admin_club.css HTTP/1.1" 304 0 "http://139.219.225.132/" "Mozilla/5.0 (Windows NT 10.0; Win64; x64) AppleWebKit/537.36 (KHTML, like Gecko) Chrome/59.0.3071.115 Safari/537.36"
101.81.162.4 - - [06/Jul/2017:13:03:38 +0000] "GET /static/css/admin_cd.css HTTP/1.1" 304 0 "http://139.219.225.132/" "Mozilla/5.0 (Windows NT 10.0; Win64; x64) AppleWebKit/537.36 (KHTML, like Gecko) Chrome/59.0.3071.115 Safari/537.36"
101.81.162.4 - - [06/Jul/2017:13:03:38 +0000] "GET /static/css/index.css HTTP/1.1" 304 0 "http://139.219.225.132/" "Mozilla/5.0 (Windows NT 10.0; Win64; x64) AppleWebKit/537.36 (KHTML, like Gecko) Chrome/59.0.3071.115 Safari/537.36"
101.81.162.4 - - [06/Jul/2017:13:03:38 +0000] "GET /static/js/manifest.js HTTP/1.1" 304 0 "http://139.219.225.132/" "Mozilla/5.0 (Windows NT 10.0; Win64; x64) AppleWebKit/537.36 (KHTML, like Gecko) Chrome/59.0.3071.115 Safari/537.36"
101.81.162.4 - - [06/Jul/2017:13:03:38 +0000] "GET /static/js/vendor.js HTTP/1.1" 304 0 "http://139.219.225.132/" "Mozilla/5.0 (Windows NT 10.0; Win64; x64) AppleWebKit/537.36 (KHTML, like Gecko) Chrome/59.0.3071.115 Safari/537.36"
101.81.162.4 - - [06/Jul/2017:13:03:38 +0000] "GET /static/js/admin_club.js HTTP/1.1" 304 0 "http://139.219.225.132/" "Mozilla/5.0 (Windows NT 10.0; Win64; x64) AppleWebKit/537.36 (KHTML, like Gecko) Chrome/59.0.3071.115 Safari/537.36"
101.81.162.4 - - [06/Jul/2017:13:03:39 +0000] "GET /static/js/admin_cd.js HTTP/1.1" 304 0 "http://139.219.225.132/" "Mozilla/5.0 (Windows NT 10.0; Win64; x64) AppleWebKit/537.36 (KHTML, like Gecko) Chrome/59.0.3071.115 Safari/537.36"
101.81.162.4 - - [06/Jul/2017:13:03:39 +0000] "GET /static/js/index.js HTTP/1.1" 304 0 "http://139.219.225.132/" "Mozilla/5.0 (Windows NT 10.0; Win64; x64) AppleWebKit/537.36 (KHTML, like Gecko) Chrome/59.0.3071.115 Safari/537.36"
101.81.162.4 - - [06/Jul/2017:13:03:39 +0000] "GET /static/img/qlt.41dbdf0.jpg HTTP/1.1" 304 0 "http://139.219.225.132/static/css/index.css" "Mozilla/5.0 (Windows NT 10.0; Win64; x64) AppleWebKit/537.36 (KHTML, like Gecko) Chrome/59.0.3071.115 Safari/537.36"
101.81.162.4 - - [06/Jul/2017:13:03:40 +0000] "GET /favicon.ico HTTP/1.1" 404 993 "http://139.219.225.132/" "Mozilla/5.0 (Windows NT 10.0; Win64; x64) AppleWebKit/537.36 (KHTML, like Gecko) Chrome/59.0.3071.115 Safari/537.36"
112.64.216.93 - - [06/Jul/2017:13:03:48 +0000] "GET / HTTP/1.1" 200 321 "http://139.219.225.132/" "Mozilla/5.0 (Windows NT 10.0; WOW64) AppleWebKit/537.36 (KHTML, like Gecko) Chrome/59.0.3071.115 Safari/537.36"
101.81.162.4 - - [06/Jul/2017:13:06:41 +0000] "GET / HTTP/1.1" 200 321 "-" "Mozilla/5.0 (Windows NT 10.0; Win64; x64) AppleWebKit/537.36 (KHTML, like Gecko) Chrome/59.0.3071.115 Safari/537.36"
101.81.162.4 - - [06/Jul/2017:13:06:41 +0000] "GET /static/js/manifest.js.map HTTP/1.1" 304 0 "-" "Mozilla/5.0 (Windows NT 10.0; Win64; x64) AppleWebKit/537.36 (KHTML, like Gecko) Chrome/59.0.3071.115 Safari/537.36"
101.81.162.4 - - [06/Jul/2017:13:06:41 +0000] "GET /static/js/vendor.js.map HTTP/1.1" 304 0 "-" "Mozilla/5.0 (Windows NT 10.0; Win64; x64) AppleWebKit/537.36 (KHTML, like Gecko) Chrome/59.0.3071.115 Safari/537.36"
101.81.162.4 - - [06/Jul/2017:13:06:41 +0000] "GET /static/js/admin_club.js.map HTTP/1.1" 304 0 "-" "Mozilla/5.0 (Windows NT 10.0; Win64; x64) AppleWebKit/537.36 (KHTML, like Gecko) Chrome/59.0.3071.115 Safari/537.36"
101.81.162.4 - - [06/Jul/2017:13:06:41 +0000] "GET /static/js/admin_cd.js.map HTTP/1.1" 304 0 "-" "Mozilla/5.0 (Windows NT 10.0; Win64; x64) AppleWebKit/537.36 (KHTML, like Gecko) Chrome/59.0.3071.115 Safari/537.36"
101.81.162.4 - - [06/Jul/2017:13:06:41 +0000] "GET /static/js/index.js.map HTTP/1.1" 304 0 "-" "Mozilla/5.0 (Windows NT 10.0; Win64; x64) AppleWebKit/537.36 (KHTML, like Gecko) Chrome/59.0.3071.115 Safari/537.36"
47.88.32.165 - - [06/Jul/2017:13:22:20 +0000] "GET / HTTP/1.0" 502 182 "-" "-"
222.65.242.98 - - [06/Jul/2017:13:53:37 +0000] "GET / HTTP/1.1" 200 321 "-" "Mozilla/5.0 (Linux; Android 7.1; A0001 Build/NDE63X; wv) AppleWebKit/537.36 (KHTML, like Gecko) Version/4.0 Chrome/53.0.2785.49 Mobile MQQBrowser/6.2 TBS/043307 Safari/537.36 V1_AND_SQ_6.5.5_1_TIM_D TIM2.0/1.1.0.1680 QQ/6.5.5  NetType/WIFI WebP/0.3.0 Pixel/1080"
222.65.242.98 - - [06/Jul/2017:13:53:37 +0000] "GET /static/js/jquery-3.2.1.min.js HTTP/1.1" 200 86659 "http://139.219.225.132/" "Mozilla/5.0 (Linux; Android 7.1; A0001 Build/NDE63X; wv) AppleWebKit/537.36 (KHTML, like Gecko) Version/4.0 Chrome/53.0.2785.49 Mobile MQQBrowser/6.2 TBS/043307 Safari/537.36 V1_AND_SQ_6.5.5_1_TIM_D TIM2.0/1.1.0.1680 QQ/6.5.5  NetType/WIFI WebP/0.3.0 Pixel/1080"
222.65.242.98 - - [06/Jul/2017:13:53:37 +0000] "GET /static/js/jquery.waypoints.min.js HTTP/1.1" 200 8835 "http://139.219.225.132/" "Mozilla/5.0 (Linux; Android 7.1; A0001 Build/NDE63X; wv) AppleWebKit/537.36 (KHTML, like Gecko) Version/4.0 Chrome/53.0.2785.49 Mobile MQQBrowser/6.2 TBS/043307 Safari/537.36 V1_AND_SQ_6.5.5_1_TIM_D TIM2.0/1.1.0.1680 QQ/6.5.5  NetType/WIFI WebP/0.3.0 Pixel/1080"
222.65.242.98 - - [06/Jul/2017:13:53:37 +0000] "GET /static/js/jquery.flexslider-min.js HTTP/1.1" 200 22342 "http://139.219.225.132/" "Mozilla/5.0 (Linux; Android 7.1; A0001 Build/NDE63X; wv) AppleWebKit/537.36 (KHTML, like Gecko) Version/4.0 Chrome/53.0.2785.49 Mobile MQQBrowser/6.2 TBS/043307 Safari/537.36 V1_AND_SQ_6.5.5_1_TIM_D TIM2.0/1.1.0.1680 QQ/6.5.5  NetType/WIFI WebP/0.3.0 Pixel/1080"
222.65.242.98 - - [06/Jul/2017:13:53:37 +0000] "GET /static/js/main.js HTTP/1.1" 200 5838 "http://139.219.225.132/" "Mozilla/5.0 (Linux; Android 7.1; A0001 Build/NDE63X; wv) AppleWebKit/537.36 (KHTML, like Gecko) Version/4.0 Chrome/53.0.2785.49 Mobile MQQBrowser/6.2 TBS/043307 Safari/537.36 V1_AND_SQ_6.5.5_1_TIM_D TIM2.0/1.1.0.1680 QQ/6.5.5  NetType/WIFI WebP/0.3.0 Pixel/1080"
222.65.242.98 - - [06/Jul/2017:13:53:37 +0000] "GET /static/css/admin_cd.css HTTP/1.1" 200 245201 "http://139.219.225.132/" "Mozilla/5.0 (Linux; Android 7.1; A0001 Build/NDE63X; wv) AppleWebKit/537.36 (KHTML, like Gecko) Version/4.0 Chrome/53.0.2785.49 Mobile MQQBrowser/6.2 TBS/043307 Safari/537.36 V1_AND_SQ_6.5.5_1_TIM_D TIM2.0/1.1.0.1680 QQ/6.5.5  NetType/WIFI WebP/0.3.0 Pixel/1080"
222.65.242.98 - - [06/Jul/2017:13:53:37 +0000] "GET /static/js/manifest.js HTTP/1.1" 200 1418 "http://139.219.225.132/" "Mozilla/5.0 (Linux; Android 7.1; A0001 Build/NDE63X; wv) AppleWebKit/537.36 (KHTML, like Gecko) Version/4.0 Chrome/53.0.2785.49 Mobile MQQBrowser/6.2 TBS/043307 Safari/537.36 V1_AND_SQ_6.5.5_1_TIM_D TIM2.0/1.1.0.1680 QQ/6.5.5  NetType/WIFI WebP/0.3.0 Pixel/1080"
222.65.242.98 - - [06/Jul/2017:13:53:37 +0000] "GET /static/js/admin_club.js HTTP/1.1" 200 56805 "http://139.219.225.132/" "Mozilla/5.0 (Linux; Android 7.1; A0001 Build/NDE63X; wv) AppleWebKit/537.36 (KHTML, like Gecko) Version/4.0 Chrome/53.0.2785.49 Mobile MQQBrowser/6.2 TBS/043307 Safari/537.36 V1_AND_SQ_6.5.5_1_TIM_D TIM2.0/1.1.0.1680 QQ/6.5.5  NetType/WIFI WebP/0.3.0 Pixel/1080"
222.65.242.98 - - [06/Jul/2017:13:53:37 +0000] "GET /static/js/admin_cd.js HTTP/1.1" 200 27934 "http://139.219.225.132/" "Mozilla/5.0 (Linux; Android 7.1; A0001 Build/NDE63X; wv) AppleWebKit/537.36 (KHTML, like Gecko) Version/4.0 Chrome/53.0.2785.49 Mobile MQQBrowser/6.2 TBS/043307 Safari/537.36 V1_AND_SQ_6.5.5_1_TIM_D TIM2.0/1.1.0.1680 QQ/6.5.5  NetType/WIFI WebP/0.3.0 Pixel/1080"
222.65.242.98 - - [06/Jul/2017:13:53:38 +0000] "GET /static/js/index.js HTTP/1.1" 200 48565 "http://139.219.225.132/" "Mozilla/5.0 (Linux; Android 7.1; A0001 Build/NDE63X; wv) AppleWebKit/537.36 (KHTML, like Gecko) Version/4.0 Chrome/53.0.2785.49 Mobile MQQBrowser/6.2 TBS/043307 Safari/537.36 V1_AND_SQ_6.5.5_1_TIM_D TIM2.0/1.1.0.1680 QQ/6.5.5  NetType/WIFI WebP/0.3.0 Pixel/1080"
222.65.242.98 - - [06/Jul/2017:13:53:38 +0000] "GET /static/js/vendor.js HTTP/1.1" 200 612278 "http://139.219.225.132/" "Mozilla/5.0 (Linux; Android 7.1; A0001 Build/NDE63X; wv) AppleWebKit/537.36 (KHTML, like Gecko) Version/4.0 Chrome/53.0.2785.49 Mobile MQQBrowser/6.2 TBS/043307 Safari/537.36 V1_AND_SQ_6.5.5_1_TIM_D TIM2.0/1.1.0.1680 QQ/6.5.5  NetType/WIFI WebP/0.3.0 Pixel/1080"
222.65.242.98 - - [06/Jul/2017:13:53:38 +0000] "GET /static/css/admin_club.css HTTP/1.1" 200 506493 "http://139.219.225.132/" "Mozilla/5.0 (Linux; Android 7.1; A0001 Build/NDE63X; wv) AppleWebKit/537.36 (KHTML, like Gecko) Version/4.0 Chrome/53.0.2785.49 Mobile MQQBrowser/6.2 TBS/043307 Safari/537.36 V1_AND_SQ_6.5.5_1_TIM_D TIM2.0/1.1.0.1680 QQ/6.5.5  NetType/WIFI WebP/0.3.0 Pixel/1080"
222.65.242.98 - - [06/Jul/2017:13:53:40 +0000] "GET /static/css/index.css HTTP/1.1" 200 749578 "http://139.219.225.132/" "Mozilla/5.0 (Linux; Android 7.1; A0001 Build/NDE63X; wv) AppleWebKit/537.36 (KHTML, like Gecko) Version/4.0 Chrome/53.0.2785.49 Mobile MQQBrowser/6.2 TBS/043307 Safari/537.36 V1_AND_SQ_6.5.5_1_TIM_D TIM2.0/1.1.0.1680 QQ/6.5.5  NetType/WIFI WebP/0.3.0 Pixel/1080"
222.65.242.98 - - [06/Jul/2017:13:53:44 +0000] "GET /static/fonts/icomoon.2b47cb1.ttf HTTP/1.1" 200 102868 "http://139.219.225.132/static/css/admin_club.css" "Mozilla/5.0 (Linux; Android 7.1; A0001 Build/NDE63X; wv) AppleWebKit/537.36 (KHTML, like Gecko) Version/4.0 Chrome/53.0.2785.49 Mobile MQQBrowser/6.2 TBS/043307 Safari/537.36 V1_AND_SQ_6.5.5_1_TIM_D TIM2.0/1.1.0.1680 QQ/6.5.5  NetType/WIFI WebP/0.3.0 Pixel/1080"
101.81.162.4 - - [06/Jul/2017:13:53:44 +0000] "GET / HTTP/1.1" 200 321 "-" "Mozilla/5.0 (Windows NT 10.0; Win64; x64) AppleWebKit/537.36 (KHTML, like Gecko) Chrome/59.0.3071.115 Safari/537.36"
101.81.162.4 - - [06/Jul/2017:13:53:44 +0000] "GET /static/js/jquery-3.2.1.min.js HTTP/1.1" 200 86659 "http://139.219.225.132/" "Mozilla/5.0 (Windows NT 10.0; Win64; x64) AppleWebKit/537.36 (KHTML, like Gecko) Chrome/59.0.3071.115 Safari/537.36"
101.81.162.4 - - [06/Jul/2017:13:53:44 +0000] "GET /static/js/jquery.waypoints.min.js HTTP/1.1" 200 8835 "http://139.219.225.132/" "Mozilla/5.0 (Windows NT 10.0; Win64; x64) AppleWebKit/537.36 (KHTML, like Gecko) Chrome/59.0.3071.115 Safari/537.36"
101.81.162.4 - - [06/Jul/2017:13:53:44 +0000] "GET /static/js/jquery.flexslider-min.js HTTP/1.1" 200 22342 "http://139.219.225.132/" "Mozilla/5.0 (Windows NT 10.0; Win64; x64) AppleWebKit/537.36 (KHTML, like Gecko) Chrome/59.0.3071.115 Safari/537.36"
101.81.162.4 - - [06/Jul/2017:13:53:44 +0000] "GET /static/js/main.js HTTP/1.1" 200 5838 "http://139.219.225.132/" "Mozilla/5.0 (Windows NT 10.0; Win64; x64) AppleWebKit/537.36 (KHTML, like Gecko) Chrome/59.0.3071.115 Safari/537.36"
101.81.162.4 - - [06/Jul/2017:13:53:44 +0000] "GET /static/js/manifest.js HTTP/1.1" 200 1418 "http://139.219.225.132/" "Mozilla/5.0 (Windows NT 10.0; Win64; x64) AppleWebKit/537.36 (KHTML, like Gecko) Chrome/59.0.3071.115 Safari/537.36"
101.81.162.4 - - [06/Jul/2017:13:53:44 +0000] "GET /static/js/admin_club.js HTTP/1.1" 200 56805 "http://139.219.225.132/" "Mozilla/5.0 (Windows NT 10.0; Win64; x64) AppleWebKit/537.36 (KHTML, like Gecko) Chrome/59.0.3071.115 Safari/537.36"
101.81.162.4 - - [06/Jul/2017:13:53:44 +0000] "GET /static/css/admin_cd.css HTTP/1.1" 200 245201 "http://139.219.225.132/" "Mozilla/5.0 (Windows NT 10.0; Win64; x64) AppleWebKit/537.36 (KHTML, like Gecko) Chrome/59.0.3071.115 Safari/537.36"
101.81.162.4 - - [06/Jul/2017:13:53:44 +0000] "GET /static/js/admin_cd.js HTTP/1.1" 200 27934 "http://139.219.225.132/" "Mozilla/5.0 (Windows NT 10.0; Win64; x64) AppleWebKit/537.36 (KHTML, like Gecko) Chrome/59.0.3071.115 Safari/537.36"
101.81.162.4 - - [06/Jul/2017:13:53:45 +0000] "GET /static/js/index.js HTTP/1.1" 200 48565 "http://139.219.225.132/" "Mozilla/5.0 (Windows NT 10.0; Win64; x64) AppleWebKit/537.36 (KHTML, like Gecko) Chrome/59.0.3071.115 Safari/537.36"
101.81.162.4 - - [06/Jul/2017:13:53:45 +0000] "GET /static/css/admin_club.css HTTP/1.1" 200 506493 "http://139.219.225.132/" "Mozilla/5.0 (Windows NT 10.0; Win64; x64) AppleWebKit/537.36 (KHTML, like Gecko) Chrome/59.0.3071.115 Safari/537.36"
101.81.162.4 - - [06/Jul/2017:13:53:45 +0000] "GET /static/js/vendor.js HTTP/1.1" 200 612278 "http://139.219.225.132/" "Mozilla/5.0 (Windows NT 10.0; Win64; x64) AppleWebKit/537.36 (KHTML, like Gecko) Chrome/59.0.3071.115 Safari/537.36"
101.81.162.4 - - [06/Jul/2017:13:53:45 +0000] "GET /static/css/index.css HTTP/1.1" 200 749578 "http://139.219.225.132/" "Mozilla/5.0 (Windows NT 10.0; Win64; x64) AppleWebKit/537.36 (KHTML, like Gecko) Chrome/59.0.3071.115 Safari/537.36"
222.65.242.98 - - [06/Jul/2017:13:53:45 +0000] "GET /static/img/qlt.41dbdf0.jpg HTTP/1.1" 200 455867 "http://139.219.225.132/static/css/index.css" "Mozilla/5.0 (Linux; Android 7.1; A0001 Build/NDE63X; wv) AppleWebKit/537.36 (KHTML, like Gecko) Version/4.0 Chrome/53.0.2785.49 Mobile MQQBrowser/6.2 TBS/043307 Safari/537.36 V1_AND_SQ_6.5.5_1_TIM_D TIM2.0/1.1.0.1680 QQ/6.5.5  NetType/WIFI WebP/0.3.0 Pixel/1080"
101.81.162.4 - - [06/Jul/2017:13:53:46 +0000] "GET /static/fonts/icomoon.2b47cb1.ttf HTTP/1.1" 200 102868 "http://139.219.225.132/static/css/admin_club.css" "Mozilla/5.0 (Windows NT 10.0; Win64; x64) AppleWebKit/537.36 (KHTML, like Gecko) Chrome/59.0.3071.115 Safari/537.36"
101.81.162.4 - - [06/Jul/2017:13:53:46 +0000] "GET /static/img/qlt.41dbdf0.jpg HTTP/1.1" 200 455867 "http://139.219.225.132/static/css/index.css" "Mozilla/5.0 (Windows NT 10.0; Win64; x64) AppleWebKit/537.36 (KHTML, like Gecko) Chrome/59.0.3071.115 Safari/537.36"
101.81.162.4 - - [06/Jul/2017:13:53:47 +0000] "GET /static/img/4.90384d8.jpg HTTP/1.1" 200 1111250 "http://139.219.225.132/static/css/index.css" "Mozilla/5.0 (Windows NT 10.0; Win64; x64) AppleWebKit/537.36 (KHTML, like Gecko) Chrome/59.0.3071.115 Safari/537.36"
101.81.162.4 - - [06/Jul/2017:13:53:47 +0000] "GET /static/img/6.940d8d3.jpg HTTP/1.1" 200 1582770 "http://139.219.225.132/static/css/index.css" "Mozilla/5.0 (Windows NT 10.0; Win64; x64) AppleWebKit/537.36 (KHTML, like Gecko) Chrome/59.0.3071.115 Safari/537.36"
101.81.162.4 - - [06/Jul/2017:13:53:47 +0000] "GET /static/img/2.f9a2431.jpg HTTP/1.1" 200 1248028 "http://139.219.225.132/static/css/index.css" "Mozilla/5.0 (Windows NT 10.0; Win64; x64) AppleWebKit/537.36 (KHTML, like Gecko) Chrome/59.0.3071.115 Safari/537.36"
101.81.162.4 - - [06/Jul/2017:13:53:47 +0000] "GET /static/img/5.32ecdf2.jpg HTTP/1.1" 200 1373810 "http://139.219.225.132/static/css/index.css" "Mozilla/5.0 (Windows NT 10.0; Win64; x64) AppleWebKit/537.36 (KHTML, like Gecko) Chrome/59.0.3071.115 Safari/537.36"
101.81.162.4 - - [06/Jul/2017:13:53:47 +0000] "GET /static/img/9.5f9b6ab.jpg HTTP/1.1" 200 1791129 "http://139.219.225.132/static/css/index.css" "Mozilla/5.0 (Windows NT 10.0; Win64; x64) AppleWebKit/537.36 (KHTML, like Gecko) Chrome/59.0.3071.115 Safari/537.36"
222.65.242.98 - - [06/Jul/2017:13:53:47 +0000] "GET /static/img/2.f9a2431.jpg HTTP/1.1" 200 1248028 "http://139.219.225.132/static/css/index.css" "Mozilla/5.0 (Linux; Android 7.1; A0001 Build/NDE63X; wv) AppleWebKit/537.36 (KHTML, like Gecko) Version/4.0 Chrome/53.0.2785.49 Mobile MQQBrowser/6.2 TBS/043307 Safari/537.36 V1_AND_SQ_6.5.5_1_TIM_D TIM2.0/1.1.0.1680 QQ/6.5.5  NetType/WIFI WebP/0.3.0 Pixel/1080"
222.65.242.98 - - [06/Jul/2017:13:53:47 +0000] "GET /static/img/6.940d8d3.jpg HTTP/1.1" 200 1582770 "http://139.219.225.132/static/css/index.css" "Mozilla/5.0 (Linux; Android 7.1; A0001 Build/NDE63X; wv) AppleWebKit/537.36 (KHTML, like Gecko) Version/4.0 Chrome/53.0.2785.49 Mobile MQQBrowser/6.2 TBS/043307 Safari/537.36 V1_AND_SQ_6.5.5_1_TIM_D TIM2.0/1.1.0.1680 QQ/6.5.5  NetType/WIFI WebP/0.3.0 Pixel/1080"
101.81.162.4 - - [06/Jul/2017:13:53:47 +0000] "GET /favicon.ico HTTP/1.1" 404 993 "http://139.219.225.132/" "Mozilla/5.0 (Windows NT 10.0; Win64; x64) AppleWebKit/537.36 (KHTML, like Gecko) Chrome/59.0.3071.115 Safari/537.36"
222.65.242.98 - - [06/Jul/2017:13:53:48 +0000] "GET /static/img/9.5f9b6ab.jpg HTTP/1.1" 200 1791129 "http://139.219.225.132/static/css/index.css" "Mozilla/5.0 (Linux; Android 7.1; A0001 Build/NDE63X; wv) AppleWebKit/537.36 (KHTML, like Gecko) Version/4.0 Chrome/53.0.2785.49 Mobile MQQBrowser/6.2 TBS/043307 Safari/537.36 V1_AND_SQ_6.5.5_1_TIM_D TIM2.0/1.1.0.1680 QQ/6.5.5  NetType/WIFI WebP/0.3.0 Pixel/1080"
222.65.242.98 - - [06/Jul/2017:13:53:49 +0000] "GET /static/img/4.90384d8.jpg HTTP/1.1" 200 1111250 "http://139.219.225.132/static/css/index.css" "Mozilla/5.0 (Linux; Android 7.1; A0001 Build/NDE63X; wv) AppleWebKit/537.36 (KHTML, like Gecko) Version/4.0 Chrome/53.0.2785.49 Mobile MQQBrowser/6.2 TBS/043307 Safari/537.36 V1_AND_SQ_6.5.5_1_TIM_D TIM2.0/1.1.0.1680 QQ/6.5.5  NetType/WIFI WebP/0.3.0 Pixel/1080"
222.65.242.98 - - [06/Jul/2017:13:53:49 +0000] "GET /static/img/5.32ecdf2.jpg HTTP/1.1" 200 1373810 "http://139.219.225.132/static/css/index.css" "Mozilla/5.0 (Linux; Android 7.1; A0001 Build/NDE63X; wv) AppleWebKit/537.36 (KHTML, like Gecko) Version/4.0 Chrome/53.0.2785.49 Mobile MQQBrowser/6.2 TBS/043307 Safari/537.36 V1_AND_SQ_6.5.5_1_TIM_D TIM2.0/1.1.0.1680 QQ/6.5.5  NetType/WIFI WebP/0.3.0 Pixel/1080"
66.249.82.69 - - [06/Jul/2017:13:55:06 +0000] "GET / HTTP/1.1" 200 814 "-" "Mozilla/5.0 (Linux; Android 7.1; A0001 Build/NDE63X) AppleWebKit/537.36 (KHTML, like Gecko) Chrome/52.0.2743.98 Mobile Safari/537.36"
66.249.82.69 - - [06/Jul/2017:13:55:06 +0000] "GET /static/js/jquery.waypoints.min.js HTTP/1.1" 200 8835 "http://139.219.225.132/" "Mozilla/5.0 (Linux; Android 7.1; A0001 Build/NDE63X) AppleWebKit/537.36 (KHTML, like Gecko) Chrome/52.0.2743.98 Mobile Safari/537.36"
66.249.82.73 - - [06/Jul/2017:13:55:07 +0000] "GET /static/js/main.js HTTP/1.1" 200 5838 "http://139.219.225.132/" "Mozilla/5.0 (Linux; Android 7.1; A0001 Build/NDE63X) AppleWebKit/537.36 (KHTML, like Gecko) Chrome/52.0.2743.98 Mobile Safari/537.36"
66.249.82.71 - - [06/Jul/2017:13:55:07 +0000] "GET /static/js/jquery.flexslider-min.js HTTP/1.1" 200 22342 "http://139.219.225.132/" "Mozilla/5.0 (Linux; Android 7.1; A0001 Build/NDE63X) AppleWebKit/537.36 (KHTML, like Gecko) Chrome/52.0.2743.98 Mobile Safari/537.36"
66.249.82.69 - - [06/Jul/2017:13:55:07 +0000] "GET /static/js/manifest.js HTTP/1.1" 200 1418 "http://139.219.225.132/" "Mozilla/5.0 (Linux; Android 7.1; A0001 Build/NDE63X) AppleWebKit/537.36 (KHTML, like Gecko) Chrome/52.0.2743.98 Mobile Safari/537.36"
66.249.82.71 - - [06/Jul/2017:13:55:07 +0000] "GET /static/js/jquery-3.2.1.min.js HTTP/1.1" 200 86659 "http://139.219.225.132/" "Mozilla/5.0 (Linux; Android 7.1; A0001 Build/NDE63X) AppleWebKit/537.36 (KHTML, like Gecko) Chrome/52.0.2743.98 Mobile Safari/537.36"
66.249.82.71 - - [06/Jul/2017:13:55:07 +0000] "GET /static/js/index.js HTTP/1.1" 200 48565 "http://139.219.225.132/" "Mozilla/5.0 (Linux; Android 7.1; A0001 Build/NDE63X) AppleWebKit/537.36 (KHTML, like Gecko) Chrome/52.0.2743.98 Mobile Safari/537.36"
66.249.82.69 - - [06/Jul/2017:13:55:07 +0000] "GET /static/js/admin_cd.js HTTP/1.1" 200 27934 "http://139.219.225.132/" "Mozilla/5.0 (Linux; Android 7.1; A0001 Build/NDE63X) AppleWebKit/537.36 (KHTML, like Gecko) Chrome/52.0.2743.98 Mobile Safari/537.36"
66.249.82.73 - - [06/Jul/2017:13:55:07 +0000] "GET /static/js/admin_club.js HTTP/1.1" 200 56805 "http://139.219.225.132/" "Mozilla/5.0 (Linux; Android 7.1; A0001 Build/NDE63X) AppleWebKit/537.36 (KHTML, like Gecko) Chrome/52.0.2743.98 Mobile Safari/537.36"
66.249.82.69 - - [06/Jul/2017:13:55:07 +0000] "GET /static/css/admin_cd.css HTTP/1.1" 200 245201 "http://139.219.225.132/" "Mozilla/5.0 (Linux; Android 7.1; A0001 Build/NDE63X) AppleWebKit/537.36 (KHTML, like Gecko) Chrome/52.0.2743.98 Mobile Safari/537.36"
66.249.82.69 - - [06/Jul/2017:13:55:07 +0000] "GET /static/css/admin_club.css HTTP/1.1" 200 506493 "http://139.219.225.132/" "Mozilla/5.0 (Linux; Android 7.1; A0001 Build/NDE63X) AppleWebKit/537.36 (KHTML, like Gecko) Chrome/52.0.2743.98 Mobile Safari/537.36"
66.249.82.69 - - [06/Jul/2017:13:55:07 +0000] "GET /static/js/vendor.js HTTP/1.1" 200 612278 "http://139.219.225.132/" "Mozilla/5.0 (Linux; Android 7.1; A0001 Build/NDE63X) AppleWebKit/537.36 (KHTML, like Gecko) Chrome/52.0.2743.98 Mobile Safari/537.36"
66.249.82.69 - - [06/Jul/2017:13:55:07 +0000] "GET /static/css/index.css HTTP/1.1" 200 749578 "http://139.219.225.132/" "Mozilla/5.0 (Linux; Android 7.1; A0001 Build/NDE63X) AppleWebKit/537.36 (KHTML, like Gecko) Chrome/52.0.2743.98 Mobile Safari/537.36"
66.249.82.69 - - [06/Jul/2017:13:55:11 +0000] "GET /static/fonts/icomoon.2b47cb1.ttf HTTP/1.1" 200 102868 "http://139.219.225.132/static/css/admin_club.css" "Mozilla/5.0 (Linux; Android 7.1; A0001 Build/NDE63X) AppleWebKit/537.36 (KHTML, like Gecko) Chrome/52.0.2743.98 Mobile Safari/537.36"
222.65.242.98 - - [06/Jul/2017:13:55:11 +0000] "GET /static/fonts/icomoon.2b47cb1.ttf HTTP/1.1" 200 102868 "http://139.219.225.132/static/css/admin_club.css" "Mozilla/5.0 (Linux; Android 7.1; A0001 Build/NDE63X) AppleWebKit/537.36 (KHTML, like Gecko) Chrome/52.0.2743.98 Mobile Safari/537.36"
66.249.82.69 - - [06/Jul/2017:13:55:12 +0000] "GET /static/img/qlt.41dbdf0.jpg HTTP/1.1" 200 455867 "http://139.219.225.132/static/css/index.css" "Mozilla/5.0 (Linux; Android 7.1; A0001 Build/NDE63X) AppleWebKit/537.36 (KHTML, like Gecko) Chrome/52.0.2743.98 Mobile Safari/537.36"
66.249.82.69 - - [06/Jul/2017:13:55:13 +0000] "GET /static/img/4.90384d8.jpg HTTP/1.1" 200 1111250 "http://139.219.225.132/static/css/index.css" "Mozilla/5.0 (Linux; Android 7.1; A0001 Build/NDE63X) AppleWebKit/537.36 (KHTML, like Gecko) Chrome/52.0.2743.98 Mobile Safari/537.36"
66.249.82.69 - - [06/Jul/2017:13:55:13 +0000] "GET /static/img/2.f9a2431.jpg HTTP/1.1" 200 1248028 "http://139.219.225.132/static/css/index.css" "Mozilla/5.0 (Linux; Android 7.1; A0001 Build/NDE63X) AppleWebKit/537.36 (KHTML, like Gecko) Chrome/52.0.2743.98 Mobile Safari/537.36"
66.249.82.71 - - [06/Jul/2017:13:55:13 +0000] "GET /static/img/9.5f9b6ab.jpg HTTP/1.1" 200 1791129 "http://139.219.225.132/static/css/index.css" "Mozilla/5.0 (Linux; Android 7.1; A0001 Build/NDE63X) AppleWebKit/537.36 (KHTML, like Gecko) Chrome/52.0.2743.98 Mobile Safari/537.36"
66.249.82.73 - - [06/Jul/2017:13:55:21 +0000] "GET /static/img/6.940d8d3.jpg HTTP/1.1" 200 1200849 "http://139.219.225.132/static/css/index.css" "Mozilla/5.0 (Linux; Android 7.1; A0001 Build/NDE63X) AppleWebKit/537.36 (KHTML, like Gecko) Chrome/52.0.2743.98 Mobile Safari/537.36"
66.249.82.71 - - [06/Jul/2017:13:55:22 +0000] "GET /static/img/6.940d8d3.jpg HTTP/1.1" 206 559761 "http://139.219.225.132/static/css/index.css" "Mozilla/5.0 (Linux; Android 7.1; A0001 Build/NDE63X) AppleWebKit/537.36 (KHTML, like Gecko) Chrome/52.0.2743.98 Mobile Safari/537.36"
66.249.82.69 - - [06/Jul/2017:13:55:23 +0000] "GET / HTTP/1.1" 200 814 "http://139.219.225.132/" "Mozilla/5.0 (Linux; Android 7.1; A0001 Build/NDE63X) AppleWebKit/537.36 (KHTML, like Gecko) Chrome/52.0.2743.98 Mobile Safari/537.36"
66.249.82.73 - - [06/Jul/2017:13:55:24 +0000] "GET /static/img/5.32ecdf2.jpg HTTP/1.1" 200 1373810 "http://139.219.225.132/static/css/index.css" "Mozilla/5.0 (Linux; Android 7.1; A0001 Build/NDE63X) AppleWebKit/537.36 (KHTML, like Gecko) Chrome/52.0.2743.98 Mobile Safari/537.36"
66.249.82.71 - - [06/Jul/2017:13:55:26 +0000] "GET / HTTP/1.1" 200 814 "http://139.219.225.132/" "Mozilla/5.0 (Linux; Android 7.1; A0001 Build/NDE63X) AppleWebKit/537.36 (KHTML, like Gecko) Chrome/52.0.2743.98 Mobile Safari/537.36"
66.249.82.71 - - [06/Jul/2017:13:55:26 +0000] "GET /favicon.ico HTTP/1.1" 404 2388 "http://139.219.225.132/" "Mozilla/5.0 (Linux; Android 7.1; A0001 Build/NDE63X) AppleWebKit/537.36 (KHTML, like Gecko) Chrome/52.0.2743.98 Mobile Safari/537.36"
66.249.82.69 - - [06/Jul/2017:13:55:26 +0000] "GET / HTTP/1.1" 200 814 "http://139.219.225.132/" "Mozilla/5.0 (Linux; Android 7.1; A0001 Build/NDE63X) AppleWebKit/537.36 (KHTML, like Gecko) Chrome/52.0.2743.98 Mobile Safari/537.36"
66.249.82.71 - - [06/Jul/2017:13:55:26 +0000] "GET /static/img/5.32ecdf2.jpg HTTP/1.1" 200 1373810 "http://139.219.225.132/static/css/index.css" "Mozilla/5.0 (Linux; Android 7.1; A0001 Build/NDE63X) AppleWebKit/537.36 (KHTML, like Gecko) Chrome/52.0.2743.98 Mobile Safari/537.36"
66.249.82.71 - - [06/Jul/2017:13:55:28 +0000] "GET /static/img/5.32ecdf2.jpg HTTP/1.1" 200 1373810 "http://139.219.225.132/static/css/index.css" "Mozilla/5.0 (Linux; Android 7.1; A0001 Build/NDE63X) AppleWebKit/537.36 (KHTML, like Gecko) Chrome/52.0.2743.98 Mobile Safari/537.36"
66.249.82.69 - - [06/Jul/2017:13:55:30 +0000] "GET / HTTP/1.1" 200 814 "http://139.219.225.132/" "Mozilla/5.0 (Linux; Android 7.1; A0001 Build/NDE63X) AppleWebKit/537.36 (KHTML, like Gecko) Chrome/52.0.2743.98 Mobile Safari/537.36"
66.249.82.69 - - [06/Jul/2017:13:55:32 +0000] "GET /static/img/5.32ecdf2.jpg HTTP/1.1" 200 1373810 "http://139.219.225.132/static/css/index.css" "Mozilla/5.0 (Linux; Android 7.1; A0001 Build/NDE63X) AppleWebKit/537.36 (KHTML, like Gecko) Chrome/52.0.2743.98 Mobile Safari/537.36"
66.249.82.73 - - [06/Jul/2017:13:55:34 +0000] "GET / HTTP/1.1" 200 814 "http://139.219.225.132/" "Mozilla/5.0 (Linux; Android 7.1; A0001 Build/NDE63X) AppleWebKit/537.36 (KHTML, like Gecko) Chrome/52.0.2743.98 Mobile Safari/537.36"
66.249.82.73 - - [06/Jul/2017:13:55:37 +0000] "GET /static/img/5.32ecdf2.jpg HTTP/1.1" 200 1373810 "http://139.219.225.132/static/css/index.css" "Mozilla/5.0 (Linux; Android 7.1; A0001 Build/NDE63X) AppleWebKit/537.36 (KHTML, like Gecko) Chrome/52.0.2743.98 Mobile Safari/537.36"
66.249.82.69 - - [06/Jul/2017:13:55:39 +0000] "GET / HTTP/1.1" 200 814 "http://139.219.225.132/" "Mozilla/5.0 (Linux; Android 7.1; A0001 Build/NDE63X) AppleWebKit/537.36 (KHTML, like Gecko) Chrome/52.0.2743.98 Mobile Safari/537.36"
66.249.82.69 - - [06/Jul/2017:13:55:43 +0000] "GET / HTTP/1.1" 200 814 "-" "Mozilla/5.0 (X11; Linux x86_64) AppleWebKit/537.36 (KHTML, like Gecko) Chrome/52.0.2743.98 Safari/537.36"
66.249.82.73 - - [06/Jul/2017:13:55:43 +0000] "GET /static/js/jquery.flexslider-min.js HTTP/1.1" 304 0 "http://139.219.225.132/" "Mozilla/5.0 (X11; Linux x86_64) AppleWebKit/537.36 (KHTML, like Gecko) Chrome/52.0.2743.98 Safari/537.36"
66.249.82.71 - - [06/Jul/2017:13:55:43 +0000] "GET /static/js/jquery-3.2.1.min.js HTTP/1.1" 304 0 "http://139.219.225.132/" "Mozilla/5.0 (X11; Linux x86_64) AppleWebKit/537.36 (KHTML, like Gecko) Chrome/52.0.2743.98 Safari/537.36"
66.249.82.71 - - [06/Jul/2017:13:55:43 +0000] "GET /static/js/jquery.waypoints.min.js HTTP/1.1" 304 0 "http://139.219.225.132/" "Mozilla/5.0 (X11; Linux x86_64) AppleWebKit/537.36 (KHTML, like Gecko) Chrome/52.0.2743.98 Safari/537.36"
66.249.82.69 - - [06/Jul/2017:13:55:43 +0000] "GET /static/js/main.js HTTP/1.1" 304 0 "http://139.219.225.132/" "Mozilla/5.0 (X11; Linux x86_64) AppleWebKit/537.36 (KHTML, like Gecko) Chrome/52.0.2743.98 Safari/537.36"
66.249.82.69 - - [06/Jul/2017:13:55:43 +0000] "GET /static/css/index.css HTTP/1.1" 304 0 "http://139.219.225.132/" "Mozilla/5.0 (X11; Linux x86_64) AppleWebKit/537.36 (KHTML, like Gecko) Chrome/52.0.2743.98 Safari/537.36"
66.249.82.69 - - [06/Jul/2017:13:55:43 +0000] "GET /static/js/manifest.js HTTP/1.1" 304 0 "http://139.219.225.132/" "Mozilla/5.0 (X11; Linux x86_64) AppleWebKit/537.36 (KHTML, like Gecko) Chrome/52.0.2743.98 Safari/537.36"
66.249.82.69 - - [06/Jul/2017:13:55:43 +0000] "GET /static/css/admin_club.css HTTP/1.1" 304 0 "http://139.219.225.132/" "Mozilla/5.0 (X11; Linux x86_64) AppleWebKit/537.36 (KHTML, like Gecko) Chrome/52.0.2743.98 Safari/537.36"
66.249.82.71 - - [06/Jul/2017:13:55:43 +0000] "GET /static/js/vendor.js HTTP/1.1" 304 0 "http://139.219.225.132/" "Mozilla/5.0 (X11; Linux x86_64) AppleWebKit/537.36 (KHTML, like Gecko) Chrome/52.0.2743.98 Safari/537.36"
66.249.82.69 - - [06/Jul/2017:13:55:43 +0000] "GET /static/js/admin_cd.js HTTP/1.1" 304 0 "http://139.219.225.132/" "Mozilla/5.0 (X11; Linux x86_64) AppleWebKit/537.36 (KHTML, like Gecko) Chrome/52.0.2743.98 Safari/537.36"
66.249.82.69 - - [06/Jul/2017:13:55:43 +0000] "GET /static/js/index.js HTTP/1.1" 304 0 "http://139.219.225.132/" "Mozilla/5.0 (X11; Linux x86_64) AppleWebKit/537.36 (KHTML, like Gecko) Chrome/52.0.2743.98 Safari/537.36"
66.249.82.73 - - [06/Jul/2017:13:55:43 +0000] "GET /static/css/admin_cd.css HTTP/1.1" 304 0 "http://139.219.225.132/" "Mozilla/5.0 (X11; Linux x86_64) AppleWebKit/537.36 (KHTML, like Gecko) Chrome/52.0.2743.98 Safari/537.36"
66.249.82.73 - - [06/Jul/2017:13:55:43 +0000] "GET /static/js/admin_club.js HTTP/1.1" 304 0 "http://139.219.225.132/" "Mozilla/5.0 (X11; Linux x86_64) AppleWebKit/537.36 (KHTML, like Gecko) Chrome/52.0.2743.98 Safari/537.36"
66.249.82.73 - - [06/Jul/2017:13:55:45 +0000] "GET /static/fonts/icomoon.2b47cb1.ttf HTTP/1.1" 304 0 "http://139.219.225.132/" "Mozilla/5.0 (X11; Linux x86_64) AppleWebKit/537.36 (KHTML, like Gecko) Chrome/52.0.2743.98 Safari/537.36"
66.249.82.69 - - [06/Jul/2017:13:55:45 +0000] "GET /static/img/6.940d8d3.jpg HTTP/1.1" 304 0 "http://139.219.225.132/static/css/index.css" "Mozilla/5.0 (X11; Linux x86_64) AppleWebKit/537.36 (KHTML, like Gecko) Chrome/52.0.2743.98 Safari/537.36"
66.249.82.73 - - [06/Jul/2017:13:55:45 +0000] "GET /static/img/2.f9a2431.jpg HTTP/1.1" 304 0 "http://139.219.225.132/static/css/index.css" "Mozilla/5.0 (X11; Linux x86_64) AppleWebKit/537.36 (KHTML, like Gecko) Chrome/52.0.2743.98 Safari/537.36"
66.249.82.71 - - [06/Jul/2017:13:55:45 +0000] "GET /static/img/5.32ecdf2.jpg HTTP/1.1" 304 0 "http://139.219.225.132/" "Mozilla/5.0 (X11; Linux x86_64) AppleWebKit/537.36 (KHTML, like Gecko) Chrome/52.0.2743.98 Safari/537.36"
66.249.82.69 - - [06/Jul/2017:13:55:45 +0000] "GET /static/img/4.90384d8.jpg HTTP/1.1" 304 0 "http://139.219.225.132/static/css/index.css" "Mozilla/5.0 (X11; Linux x86_64) AppleWebKit/537.36 (KHTML, like Gecko) Chrome/52.0.2743.98 Safari/537.36"
66.249.82.69 - - [06/Jul/2017:13:55:45 +0000] "GET /static/img/9.5f9b6ab.jpg HTTP/1.1" 304 0 "http://139.219.225.132/" "Mozilla/5.0 (X11; Linux x86_64) AppleWebKit/537.36 (KHTML, like Gecko) Chrome/52.0.2743.98 Safari/537.36"
66.249.82.73 - - [06/Jul/2017:13:55:45 +0000] "GET /static/img/qlt.41dbdf0.jpg HTTP/1.1" 304 0 "http://139.219.225.132/static/css/index.css" "Mozilla/5.0 (X11; Linux x86_64) AppleWebKit/537.36 (KHTML, like Gecko) Chrome/52.0.2743.98 Safari/537.36"
66.249.82.73 - - [06/Jul/2017:13:55:52 +0000] "GET / HTTP/1.1" 200 814 "http://139.219.225.132/" "Mozilla/5.0 (X11; Linux x86_64) AppleWebKit/537.36 (KHTML, like Gecko) Chrome/52.0.2743.98 Safari/537.36"
66.249.82.73 - - [06/Jul/2017:13:59:47 +0000] "GET / HTTP/1.1" 200 814 "-" "Mozilla/5.0 (Linux; Android 7.1; A0001 Build/NDE63X) AppleWebKit/537.36 (KHTML, like Gecko) Chrome/52.0.2743.98 Mobile Safari/537.36"
222.65.242.98 - - [06/Jul/2017:13:59:50 +0000] "GET /static/fonts/icomoon.2b47cb1.ttf HTTP/1.1" 200 102868 "http://139.219.225.132/static/css/admin_club.css" "Mozilla/5.0 (Linux; Android 7.1; A0001 Build/NDE63X) AppleWebKit/537.36 (KHTML, like Gecko) Chrome/52.0.2743.98 Mobile Safari/537.36"
66.249.82.73 - - [06/Jul/2017:13:59:50 +0000] "GET /static/fonts/icomoon.2b47cb1.ttf HTTP/1.1" 200 102868 "http://139.219.225.132/static/css/admin_club.css" "Mozilla/5.0 (Linux; Android 7.1; A0001 Build/NDE63X) AppleWebKit/537.36 (KHTML, like Gecko) Chrome/52.0.2743.98 Mobile Safari/537.36"
66.249.82.71 - - [06/Jul/2017:13:59:50 +0000] "GET /favicon.ico HTTP/1.1" 404 2388 "http://139.219.225.132/" "Mozilla/5.0 (Linux; Android 7.1; A0001 Build/NDE63X) AppleWebKit/537.36 (KHTML, like Gecko) Chrome/52.0.2743.98 Mobile Safari/537.36"
112.64.216.93 - - [06/Jul/2017:14:02:27 +0000] "GET /admin_cd/ HTTP/1.1" 200 260 "-" "Mozilla/5.0 (Windows NT 10.0; WOW64) AppleWebKit/537.36 (KHTML, like Gecko) Chrome/59.0.3071.115 Safari/537.36"
112.64.216.93 - - [06/Jul/2017:14:02:27 +0000] "GET /static/js/vendor.js HTTP/1.1" 304 0 "http://139.219.225.132/admin_cd/" "Mozilla/5.0 (Windows NT 10.0; WOW64) AppleWebKit/537.36 (KHTML, like Gecko) Chrome/59.0.3071.115 Safari/537.36"
112.64.216.93 - - [06/Jul/2017:14:02:27 +0000] "GET /static/css/admin_cd.css HTTP/1.1" 304 0 "http://139.219.225.132/admin_cd/" "Mozilla/5.0 (Windows NT 10.0; WOW64) AppleWebKit/537.36 (KHTML, like Gecko) Chrome/59.0.3071.115 Safari/537.36"
112.64.216.93 - - [06/Jul/2017:14:02:27 +0000] "GET /static/js/manifest.js HTTP/1.1" 304 0 "http://139.219.225.132/admin_cd/" "Mozilla/5.0 (Windows NT 10.0; WOW64) AppleWebKit/537.36 (KHTML, like Gecko) Chrome/59.0.3071.115 Safari/537.36"
112.64.216.93 - - [06/Jul/2017:14:02:27 +0000] "GET /static/js/admin_cd.js HTTP/1.1" 304 0 "http://139.219.225.132/admin_cd/" "Mozilla/5.0 (Windows NT 10.0; WOW64) AppleWebKit/537.36 (KHTML, like Gecko) Chrome/59.0.3071.115 Safari/537.36"
112.64.216.93 - - [06/Jul/2017:14:02:38 +0000] "GET /admin_club/ HTTP/1.1" 200 261 "-" "Mozilla/5.0 (Windows NT 10.0; WOW64) AppleWebKit/537.36 (KHTML, like Gecko) Chrome/59.0.3071.115 Safari/537.36"
112.64.216.93 - - [06/Jul/2017:14:02:38 +0000] "GET /static/css/admin_club.css HTTP/1.1" 304 0 "http://139.219.225.132/admin_club/" "Mozilla/5.0 (Windows NT 10.0; WOW64) AppleWebKit/537.36 (KHTML, like Gecko) Chrome/59.0.3071.115 Safari/537.36"
112.64.216.93 - - [06/Jul/2017:14:02:38 +0000] "GET /static/js/admin_club.js HTTP/1.1" 304 0 "http://139.219.225.132/admin_club/" "Mozilla/5.0 (Windows NT 10.0; WOW64) AppleWebKit/537.36 (KHTML, like Gecko) Chrome/59.0.3071.115 Safari/537.36"
112.64.216.93 - - [06/Jul/2017:14:02:42 +0000] "GET /admin_club/ HTTP/1.1" 200 261 "-" "Mozilla/5.0 (Windows NT 10.0; WOW64) AppleWebKit/537.36 (KHTML, like Gecko) Chrome/59.0.3071.115 Safari/537.36"
101.81.162.4 - - [06/Jul/2017:14:04:01 +0000] "GET /admin_club.html/ HTTP/1.1" 200 261 "-" "Mozilla/5.0 (Windows NT 10.0; Win64; x64) AppleWebKit/537.36 (KHTML, like Gecko) Chrome/59.0.3071.115 Safari/537.36"
101.81.162.4 - - [06/Jul/2017:14:04:01 +0000] "GET /static/css/admin_club.css HTTP/1.1" 304 0 "http://139.219.225.132/admin_club.html/" "Mozilla/5.0 (Windows NT 10.0; Win64; x64) AppleWebKit/537.36 (KHTML, like Gecko) Chrome/59.0.3071.115 Safari/537.36"
101.81.162.4 - - [06/Jul/2017:14:04:01 +0000] "GET /static/js/manifest.js HTTP/1.1" 304 0 "http://139.219.225.132/admin_club.html/" "Mozilla/5.0 (Windows NT 10.0; Win64; x64) AppleWebKit/537.36 (KHTML, like Gecko) Chrome/59.0.3071.115 Safari/537.36"
101.81.162.4 - - [06/Jul/2017:14:04:01 +0000] "GET /static/js/vendor.js HTTP/1.1" 304 0 "http://139.219.225.132/admin_club.html/" "Mozilla/5.0 (Windows NT 10.0; Win64; x64) AppleWebKit/537.36 (KHTML, like Gecko) Chrome/59.0.3071.115 Safari/537.36"
101.81.162.4 - - [06/Jul/2017:14:04:01 +0000] "GET /static/js/admin_club.js HTTP/1.1" 304 0 "http://139.219.225.132/admin_club.html/" "Mozilla/5.0 (Windows NT 10.0; Win64; x64) AppleWebKit/537.36 (KHTML, like Gecko) Chrome/59.0.3071.115 Safari/537.36"
101.81.162.4 - - [06/Jul/2017:14:04:06 +0000] "GET /static/js/manifest.js.map HTTP/1.1" 200 14116 "-" "Mozilla/5.0 (Windows NT 10.0; Win64; x64) AppleWebKit/537.36 (KHTML, like Gecko) Chrome/59.0.3071.115 Safari/537.36"
101.81.162.4 - - [06/Jul/2017:14:04:06 +0000] "GET /static/js/admin_club.js.map HTTP/1.1" 200 359755 "-" "Mozilla/5.0 (Windows NT 10.0; Win64; x64) AppleWebKit/537.36 (KHTML, like Gecko) Chrome/59.0.3071.115 Safari/537.36"
101.81.162.4 - - [06/Jul/2017:14:04:06 +0000] "GET /static/js/vendor.js.map HTTP/1.1" 200 3788151 "-" "Mozilla/5.0 (Windows NT 10.0; Win64; x64) AppleWebKit/537.36 (KHTML, like Gecko) Chrome/59.0.3071.115 Safari/537.36"
101.81.162.4 - - [06/Jul/2017:14:04:58 +0000] "GET /admin_cd.html HTTP/1.1" 200 260 "-" "Mozilla/5.0 (Windows NT 10.0; Win64; x64) AppleWebKit/537.36 (KHTML, like Gecko) Chrome/59.0.3071.115 Safari/537.36"
101.81.162.4 - - [06/Jul/2017:14:04:58 +0000] "GET /static/css/admin_cd.css HTTP/1.1" 304 0 "http://139.219.225.132/admin_cd.html" "Mozilla/5.0 (Windows NT 10.0; Win64; x64) AppleWebKit/537.36 (KHTML, like Gecko) Chrome/59.0.3071.115 Safari/537.36"
101.81.162.4 - - [06/Jul/2017:14:04:58 +0000] "GET /static/js/admin_cd.js HTTP/1.1" 304 0 "http://139.219.225.132/admin_cd.html" "Mozilla/5.0 (Windows NT 10.0; Win64; x64) AppleWebKit/537.36 (KHTML, like Gecko) Chrome/59.0.3071.115 Safari/537.36"
101.81.162.4 - - [06/Jul/2017:14:04:59 +0000] "GET /static/js/admin_cd.js.map HTTP/1.1" 200 178181 "-" "Mozilla/5.0 (Windows NT 10.0; Win64; x64) AppleWebKit/537.36 (KHTML, like Gecko) Chrome/59.0.3071.115 Safari/537.36"
101.226.68.215 - - [06/Jul/2017:14:05:08 +0000] "GET /admin_cd.html# HTTP/1.1" 200 260 "-" "Mozilla/5.0 (iPhone; CPU iPhone OS 9_3_4 like Mac OS X) AppleWebKit/601.1.46 (KHTML, like Gecko) Mobile/13G35 QQ/6.5.3.410 V1_IPH_SQ_6.5.3_1_APP_A Pixel/750 Core/UIWebView NetType/2G Mem/117"
101.226.68.215 - - [06/Jul/2017:14:05:08 +0000] "GET /admin_cd.html HTTP/1.1" 200 260 "-" "Mozilla/5.0 (iPhone; CPU iPhone OS 9_3_4 like Mac OS X) AppleWebKit/601.1.46 (KHTML, like Gecko) Mobile/13G35 QQ/6.5.3.410 V1_IPH_SQ_6.5.3_1_APP_A Pixel/750 Core/UIWebView NetType/2G Mem/117"
101.226.65.104 - - [06/Jul/2017:14:05:18 +0000] "GET /admin_cd.html HTTP/1.1" 200 260 "-" "Mozilla/5.0 (Windows NT 6.1; WOW64) AppleWebKit/537.36 (KHTML, like Gecko) Chrome/56.0.2924.87 Safari/537.36"
101.226.89.122 - - [06/Jul/2017:14:05:18 +0000] "GET /admin_cd.html HTTP/1.1" 200 260 "-" "Mozilla/5.0 (Windows NT 6.1; WOW64; Trident/7.0; SLCC2; .NET CLR 2.0.50727; .NET CLR 3.5.30729; .NET CLR 3.0.30729; Media Center PC 6.0; .NET4.0C; .NET4.0E; InfoPath.3; rv:11.0) like Gecko"
101.226.65.104 - - [06/Jul/2017:14:05:19 +0000] "GET /static/js/manifest.js HTTP/1.1" 200 1418 "http://139.219.225.132/admin_cd.html" "Mozilla/5.0 (Windows NT 6.1; WOW64) AppleWebKit/537.36 (KHTML, like Gecko) Chrome/56.0.2924.87 Safari/537.36"
101.226.89.122 - - [06/Jul/2017:14:05:19 +0000] "GET /static/js/manifest.js HTTP/1.1" 200 1418 "http://139.219.225.132/admin_cd.html" "Mozilla/5.0 (Windows NT 6.1; WOW64) AppleWebKit/537.36 (KHTML, like Gecko) Chrome/56.0.2924.87 Safari/537.36"
101.226.65.104 - - [06/Jul/2017:14:05:20 +0000] "GET /static/js/vendor.js HTTP/1.1" 200 612278 "http://139.219.225.132/admin_cd.html" "Mozilla/5.0 (Macintosh; Intel Mac OS X 10_12_4) AppleWebKit/537.36 (KHTML, like Gecko) \x09\x09\x09Chrome/55.0.2883.95 Safari/537.36"
101.226.65.104 - - [06/Jul/2017:14:05:20 +0000] "GET /static/js/admin_cd.js HTTP/1.1" 200 27934 "http://139.219.225.132/admin_cd.html" "Mozilla/5.0 (Windows NT 6.1; WOW64; Trident/7.0; SLCC2; .NET CLR 2.0.50727; .NET CLR 3.5.30729; .NET CLR 3.0.30729; Media Center PC 6.0; .NET4.0C; .NET4.0E; InfoPath.3; rv:11.0) like Gecko"
101.226.89.122 - - [06/Jul/2017:14:05:21 +0000] "GET /static/js/vendor.js HTTP/1.1" 200 457288 "http://139.219.225.132/admin_cd.html" "Mozilla/5.0 (Windows NT 6.1; WOW64) AppleWebKit/537.36 (KHTML, like Gecko) Chrome/56.0.2924.87 Safari/537.36"
101.226.89.122 - - [06/Jul/2017:14:05:22 +0000] "GET /static/js/admin_cd.js HTTP/1.1" 200 27934 "http://139.219.225.132/admin_cd.html" "Mozilla/5.0 (Macintosh; Intel Mac OS X 10_12_4) AppleWebKit/537.36 (KHTML, like Gecko) \x09\x09\x09Chrome/55.0.2883.95 Safari/537.36"
101.81.162.4 - - [06/Jul/2017:14:05:52 +0000] "GET /admin_cd.html HTTP/1.1" 200 260 "-" "Mozilla/5.0 (Windows NT 10.0; Win64; x64) AppleWebKit/537.36 (KHTML, like Gecko) Chrome/59.0.3071.115 Safari/537.36"
107.150.8.112 - - [06/Jul/2017:14:06:10 +0000] "GET /admin_cd.html/ HTTP/1.1" 200 260 "-" "Mozilla/5.0 (Windows NT 10.0; WOW64) AppleWebKit/537.36 (KHTML, like Gecko) Chrome/59.0.3071.115 Safari/537.36"
107.150.8.112 - - [06/Jul/2017:14:06:33 +0000] "GET /admin_cd.html/ HTTP/1.1" 200 260 "-" "Mozilla/5.0 (Windows NT 10.0; WOW64) AppleWebKit/537.36 (KHTML, like Gecko) Chrome/59.0.3071.115 Safari/537.36"
101.81.162.4 - - [06/Jul/2017:14:06:49 +0000] "GET /admin_cd.html HTTP/1.1" 200 260 "-" "Mozilla/5.0 (Windows NT 10.0; Win64; x64) AppleWebKit/537.36 (KHTML, like Gecko) Chrome/59.0.3071.115 Safari/537.36"
101.81.162.4 - - [06/Jul/2017:14:06:51 +0000] "GET /favicon.ico HTTP/1.1" 404 993 "http://139.219.225.132/admin_cd.html" "Mozilla/5.0 (Windows NT 10.0; Win64; x64) AppleWebKit/537.36 (KHTML, like Gecko) Chrome/59.0.3071.115 Safari/537.36"
117.136.190.30 - - [06/Jul/2017:14:08:52 +0000] "GET /static/fonts/icomoon.2b47cb1.ttf HTTP/1.1" 200 102868 "-" "AHC/1.0"
112.64.216.93 - - [06/Jul/2017:14:08:56 +0000] "GET /admin_cd.html/ HTTP/1.1" 200 260 "-" "Mozilla/5.0 (Windows NT 10.0; WOW64) AppleWebKit/537.36 (KHTML, like Gecko) Chrome/59.0.3071.115 Safari/537.36"
172.82.166.210 - - [06/Jul/2017:14:17:25 +0000] "GET http://www.baidu.com/cache/global/img/gs.gif HTTP/1.1" 400 56812 "-" "Mozilla"
52.71.155.178 - - [06/Jul/2017:14:19:22 +0000] "GET /admin/ HTTP/1.1" 302 0 "-" "Mozilla/5.0 (Macintosh; Intel Mac OS X 10_10_1) AppleWebKit/600.1.25 (KHTML, like Gecko) Version/8.0 Safari/600.1.25"
52.71.155.178 - - [06/Jul/2017:14:19:40 +0000] "GET /admin HTTP/1.1" 301 0 "-" "Mozilla/5.0 (Macintosh; Intel Mac OS X 10_10_1) AppleWebKit/600.1.25 (KHTML, like Gecko) Version/8.0 Safari/600.1.25"
52.71.155.178 - - [06/Jul/2017:14:19:41 +0000] "GET /js/ HTTP/1.1" 404 988 "-" "Mozilla/5.0 (Macintosh; Intel Mac OS X 10_10_1) AppleWebKit/600.1.25 (KHTML, like Gecko) Version/8.0 Safari/600.1.25"
52.71.155.178 - - [06/Jul/2017:14:19:41 +0000] "GET /index.html HTTP/1.1" 404 992 "-" "Mozilla/5.0 (Macintosh; Intel Mac OS X 10_10_1) AppleWebKit/600.1.25 (KHTML, like Gecko) Version/8.0 Safari/600.1.25"
52.71.155.178 - - [06/Jul/2017:14:19:41 +0000] "GET /admin/ HTTP/1.1" 302 0 "-" "Mozilla/5.0 (Macintosh; Intel Mac OS X 10_10_1) AppleWebKit/600.1.25 (KHTML, like Gecko) Version/8.0 Safari/600.1.25"
52.71.155.178 - - [06/Jul/2017:14:19:45 +0000] "GET /static/ HTTP/1.1" 403 152 "-" "Mozilla/5.0 (Macintosh; Intel Mac OS X 10_10_1) AppleWebKit/600.1.25 (KHTML, like Gecko) Version/8.0 Safari/600.1.25"
52.71.155.178 - - [06/Jul/2017:14:19:45 +0000] "GET /static/css/ HTTP/1.1" 403 152 "-" "Mozilla/5.0 (Macintosh; Intel Mac OS X 10_10_1) AppleWebKit/600.1.25 (KHTML, like Gecko) Version/8.0 Safari/600.1.25"
52.71.155.178 - - [06/Jul/2017:14:19:46 +0000] "GET /static/css/index.css HTTP/1.1" 200 79394 "-" "Mozilla/5.0 (Macintosh; Intel Mac OS X 10_10_1) AppleWebKit/600.1.25 (KHTML, like Gecko) Version/8.0 Safari/600.1.25"
222.186.190.122 - - [06/Jul/2017:14:34:16 +0000] "GET / HTTP/1.1" 200 814 "http://139.219.225.132:80" "Mozilla/4.0 (compatible; MSIE 9.0; Windows NT 6.1)"
101.226.125.120 - - [06/Jul/2017:14:45:26 +0000] "GET / HTTP/1.1" 200 321 "-" "Mozilla/5.0 (Windows; U; Windows NT 5.1; en-US) AppleWebKit/534.13 (KHTML, like Gecko) Chrome/9.0.597.107 Safari/534.13"
140.207.63.102 - - [06/Jul/2017:14:45:26 +0000] "GET / HTTP/1.1" 200 321 "-" "Mozilla/5.0 (Windows; U; Windows NT 5.1; zh-CN; rv:1.9b4) Gecko/2008030317 Firefox/3.0b4"
117.185.27.99 - - [06/Jul/2017:14:45:26 +0000] "GET / HTTP/1.1" 200 321 "-" "Mozilla/5.0 (Windows; U; Windows NT 5.1; zh-CN; rv:1.9b4) Gecko/2008030317 Firefox/3.0b4"
101.226.125.120 - - [06/Jul/2017:14:45:26 +0000] "GET / HTTP/1.1" 200 321 "-" "Mozilla/5.0 (Windows NT 6.1; WOW64) AppleWebKit/537.36 (KHTML, like Gecko) Chrome/46.0.2490.80 Safari/537.36"
8.28.121.4 - - [06/Jul/2017:14:45:38 +0000] "GET / HTTP/1.1" 200 321 "-" "Mozilla/5.0 (iPhone; CPU iPhone OS 10_3_1 like Mac OS X) AppleWebKit/603.1.30 (KHTML, like Gecko) Mobile/14E304 MicroMessenger/6.5.9 NetType/WIFI Language/zh_CN"
8.28.121.4 - - [06/Jul/2017:14:45:38 +0000] "GET /static/js/jquery-3.2.1.min.js HTTP/1.1" 200 86659 "http://139.219.225.132/" "Mozilla/5.0 (iPhone; CPU iPhone OS 10_3_1 like Mac OS X) AppleWebKit/603.1.30 (KHTML, like Gecko) Mobile/14E304 MicroMessenger/6.5.9 NetType/WIFI Language/zh_CN"
8.28.121.4 - - [06/Jul/2017:14:45:38 +0000] "GET /static/js/jquery.waypoints.min.js HTTP/1.1" 200 8835 "http://139.219.225.132/" "Mozilla/5.0 (iPhone; CPU iPhone OS 10_3_1 like Mac OS X) AppleWebKit/603.1.30 (KHTML, like Gecko) Mobile/14E304 MicroMessenger/6.5.9 NetType/WIFI Language/zh_CN"
8.28.121.4 - - [06/Jul/2017:14:45:38 +0000] "GET /static/js/jquery.flexslider-min.js HTTP/1.1" 200 22342 "http://139.219.225.132/" "Mozilla/5.0 (iPhone; CPU iPhone OS 10_3_1 like Mac OS X) AppleWebKit/603.1.30 (KHTML, like Gecko) Mobile/14E304 MicroMessenger/6.5.9 NetType/WIFI Language/zh_CN"
8.28.121.4 - - [06/Jul/2017:14:45:38 +0000] "GET /static/js/main.js HTTP/1.1" 200 5838 "http://139.219.225.132/" "Mozilla/5.0 (iPhone; CPU iPhone OS 10_3_1 like Mac OS X) AppleWebKit/603.1.30 (KHTML, like Gecko) Mobile/14E304 MicroMessenger/6.5.9 NetType/WIFI Language/zh_CN"
