101.81.162.4 - - [06/Jul/2017:10:20:31 +0000] "GET / HTTP/1.1" 502 584 "-" "Mozilla/5.0 (Windows NT 10.0; Win64; x64) AppleWebKit/537.36 (KHTML, like Gecko) Chrome/59.0.3071.115 Safari/537.36"
101.81.162.4 - - [06/Jul/2017:10:20:42 +0000] "GET /admin HTTP/1.1" 502 584 "-" "Mozilla/5.0 (Windows NT 10.0; Win64; x64) AppleWebKit/537.36 (KHTML, like Gecko) Chrome/59.0.3071.115 Safari/537.36"
101.81.162.4 - - [06/Jul/2017:10:20:47 +0000] "GET /js/ HTTP/1.1" 502 584 "-" "Mozilla/5.0 (Windows NT 10.0; Win64; x64) AppleWebKit/537.36 (KHTML, like Gecko) Chrome/59.0.3071.115 Safari/537.36"
101.81.162.4 - - [06/Jul/2017:10:20:52 +0000] "GET /index.html HTTP/1.1" 502 584 "-" "Mozilla/5.0 (Windows NT 10.0; Win64; x64) AppleWebKit/537.36 (KHTML, like Gecko) Chrome/59.0.3071.115 Safari/537.36"
101.81.162.4 - - [06/Jul/2017:10:23:06 +0000] "GET /index.html HTTP/1.1" 502 584 "-" "Mozilla/5.0 (Windows NT 10.0; Win64; x64) AppleWebKit/537.36 (KHTML, like Gecko) Chrome/59.0.3071.115 Safari/537.36"
101.81.162.4 - - [06/Jul/2017:10:23:11 +0000] "GET / HTTP/1.1" 502 584 "-" "Mozilla/5.0 (Windows NT 10.0; Win64; x64) AppleWebKit/537.36 (KHTML, like Gecko) Chrome/59.0.3071.115 Safari/537.36"
101.81.162.4 - - [06/Jul/2017:10:23:18 +0000] "GET /static/ HTTP/1.1" 403 208 "-" "Mozilla/5.0 (Windows NT 10.0; Win64; x64) AppleWebKit/537.36 (KHTML, like Gecko) Chrome/59.0.3071.115 Safari/537.36"
101.81.162.4 - - [06/Jul/2017:10:23:30 +0000] "GET /static/css/ HTTP/1.1" 403 208 "-" "Mozilla/5.0 (Windows NT 10.0; Win64; x64) AppleWebKit/537.36 (KHTML, like Gecko) Chrome/59.0.3071.115 Safari/537.36"
101.81.162.4 - - [06/Jul/2017:10:23:37 +0000] "GET /static/css/index.css HTTP/1.1" 200 781223 "-" "Mozilla/5.0 (Windows NT 10.0; Win64; x64) AppleWebKit/537.36 (KHTML, like Gecko) Chrome/59.0.3071.115 Safari/537.36"
101.81.162.4 - - [06/Jul/2017:10:53:21 +0000] "GET / HTTP/1.1" 502 584 "-" "Mozilla/5.0 (Windows NT 10.0; Win64; x64) AppleWebKit/537.36 (KHTML, like Gecko) Chrome/59.0.3071.115 Safari/537.36"
101.81.162.4 - - [06/Jul/2017:10:59:20 +0000] "GET / HTTP/1.1" 502 584 "-" "Mozilla/5.0 (Windows NT 10.0; Win64; x64) AppleWebKit/537.36 (KHTML, like Gecko) Chrome/59.0.3071.115 Safari/537.36"
101.81.162.4 - - [06/Jul/2017:10:59:25 +0000] "GET / HTTP/1.1" 502 584 "-" "Mozilla/5.0 (Windows NT 10.0; Win64; x64) AppleWebKit/537.36 (KHTML, like Gecko) Chrome/59.0.3071.115 Safari/537.36"
101.81.162.4 - - [06/Jul/2017:11:03:54 +0000] "GET /admin HTTP/1.1" 502 584 "-" "Mozilla/5.0 (Windows NT 10.0; Win64; x64) AppleWebKit/537.36 (KHTML, like Gecko) Chrome/59.0.3071.115 Safari/537.36"
101.81.162.4 - - [06/Jul/2017:11:03:56 +0000] "GET /admin/ HTTP/1.1" 502 584 "-" "Mozilla/5.0 (Windows NT 10.0; Win64; x64) AppleWebKit/537.36 (KHTML, like Gecko) Chrome/59.0.3071.115 Safari/537.36"
169.229.3.91 - - [06/Jul/2017:11:06:58 +0000] "\xE6JT\xA0\x19\xB5\xAB_\x95\xA8@\xCD\x911\xFF\x99\xCB\xB0\x9B\xD0:\xB3\x5C\xEB\xABO\x8E=v \xEB\xDAF\xF9~\x16\xD70J?\xCA7\xDD@bN\xCA\x1Df\xF7\xC4\xF0\x09{\x95\xAAXU\xA6\xDC\xA0\x9AO\xBA" 400 182 "-" "-"
101.81.162.4 - - [06/Jul/2017:11:11:54 +0000] "GET /admin/ HTTP/1.1" 502 584 "-" "Mozilla/5.0 (Windows NT 10.0; Win64; x64) AppleWebKit/537.36 (KHTML, like Gecko) Chrome/59.0.3071.115 Safari/537.36"
101.81.162.4 - - [06/Jul/2017:11:11:57 +0000] "GET / HTTP/1.1" 502 584 "-" "Mozilla/5.0 (Windows NT 10.0; Win64; x64) AppleWebKit/537.36 (KHTML, like Gecko) Chrome/59.0.3071.115 Safari/537.36"
101.81.162.4 - - [06/Jul/2017:11:35:06 +0000] "GET / HTTP/1.1" 502 584 "-" "Mozilla/5.0 (Windows NT 10.0; Win64; x64) AppleWebKit/537.36 (KHTML, like Gecko) Chrome/59.0.3071.115 Safari/537.36"
101.81.162.4 - - [06/Jul/2017:11:35:10 +0000] "GET /cs HTTP/1.1" 502 584 "-" "Mozilla/5.0 (Windows NT 10.0; Win64; x64) AppleWebKit/537.36 (KHTML, like Gecko) Chrome/59.0.3071.115 Safari/537.36"
101.81.162.4 - - [06/Jul/2017:11:35:12 +0000] "GET /css HTTP/1.1" 502 584 "-" "Mozilla/5.0 (Windows NT 10.0; Win64; x64) AppleWebKit/537.36 (KHTML, like Gecko) Chrome/59.0.3071.115 Safari/537.36"
101.81.162.4 - - [06/Jul/2017:11:35:16 +0000] "GET /css/index.css HTTP/1.1" 502 584 "-" "Mozilla/5.0 (Windows NT 10.0; Win64; x64) AppleWebKit/537.36 (KHTML, like Gecko) Chrome/59.0.3071.115 Safari/537.36"
101.81.162.4 - - [06/Jul/2017:11:35:23 +0000] "GET /static/css/index.css HTTP/1.1" 304 0 "-" "Mozilla/5.0 (Windows NT 10.0; Win64; x64) AppleWebKit/537.36 (KHTML, like Gecko) Chrome/59.0.3071.115 Safari/537.36"
101.81.162.4 - - [06/Jul/2017:11:38:19 +0000] "GET /static/css/index.css HTTP/1.1" 304 0 "-" "Mozilla/5.0 (Windows NT 10.0; Win64; x64) AppleWebKit/537.36 (KHTML, like Gecko) Chrome/59.0.3071.115 Safari/537.36"
101.81.162.4 - - [06/Jul/2017:11:38:22 +0000] "GET / HTTP/1.1" 502 584 "-" "Mozilla/5.0 (Windows NT 10.0; Win64; x64) AppleWebKit/537.36 (KHTML, like Gecko) Chrome/59.0.3071.115 Safari/537.36"
101.81.162.4 - - [06/Jul/2017:11:39:02 +0000] "GET / HTTP/1.1" 502 584 "-" "Mozilla/5.0 (Windows NT 10.0; Win64; x64) AppleWebKit/537.36 (KHTML, like Gecko) Chrome/59.0.3071.115 Safari/537.36"
101.81.162.4 - - [06/Jul/2017:11:43:53 +0000] "GET / HTTP/1.1" 200 303 "-" "Mozilla/5.0 (Windows NT 10.0; Win64; x64) AppleWebKit/537.36 (KHTML, like Gecko) Chrome/59.0.3071.115 Safari/537.36"
101.81.162.4 - - [06/Jul/2017:11:43:53 +0000] "GET /static/js/jquery-3.2.1.min.js HTTP/1.1" 200 86659 "http://139.219.225.132/" "Mozilla/5.0 (Windows NT 10.0; Win64; x64) AppleWebKit/537.36 (KHTML, like Gecko) Chrome/59.0.3071.115 Safari/537.36"
101.81.162.4 - - [06/Jul/2017:11:43:53 +0000] "GET /static/js/jquery.waypoints.min.js HTTP/1.1" 200 8835 "http://139.219.225.132/" "Mozilla/5.0 (Windows NT 10.0; Win64; x64) AppleWebKit/537.36 (KHTML, like Gecko) Chrome/59.0.3071.115 Safari/537.36"
101.81.162.4 - - [06/Jul/2017:11:43:53 +0000] "GET /static/js/jquery.flexslider-min.js HTTP/1.1" 200 22342 "http://139.219.225.132/" "Mozilla/5.0 (Windows NT 10.0; Win64; x64) AppleWebKit/537.36 (KHTML, like Gecko) Chrome/59.0.3071.115 Safari/537.36"
101.81.162.4 - - [06/Jul/2017:11:43:53 +0000] "GET /static/js/manifest.js HTTP/1.1" 404 209 "http://139.219.225.132/" "Mozilla/5.0 (Windows NT 10.0; Win64; x64) AppleWebKit/537.36 (KHTML, like Gecko) Chrome/59.0.3071.115 Safari/537.36"
101.81.162.4 - - [06/Jul/2017:11:43:53 +0000] "GET /static/js/main.js HTTP/1.1" 200 5838 "http://139.219.225.132/" "Mozilla/5.0 (Windows NT 10.0; Win64; x64) AppleWebKit/537.36 (KHTML, like Gecko) Chrome/59.0.3071.115 Safari/537.36"
101.81.162.4 - - [06/Jul/2017:11:43:53 +0000] "GET /static/js/vendor.js HTTP/1.1" 404 209 "http://139.219.225.132/" "Mozilla/5.0 (Windows NT 10.0; Win64; x64) AppleWebKit/537.36 (KHTML, like Gecko) Chrome/59.0.3071.115 Safari/537.36"
101.81.162.4 - - [06/Jul/2017:11:43:53 +0000] "GET /static/js/index.js HTTP/1.1" 404 209 "http://139.219.225.132/" "Mozilla/5.0 (Windows NT 10.0; Win64; x64) AppleWebKit/537.36 (KHTML, like Gecko) Chrome/59.0.3071.115 Safari/537.36"
101.81.162.4 - - [06/Jul/2017:11:43:53 +0000] "GET /static/js/manifest.js HTTP/1.1" 404 209 "http://139.219.225.132/" "Mozilla/5.0 (Windows NT 10.0; Win64; x64) AppleWebKit/537.36 (KHTML, like Gecko) Chrome/59.0.3071.115 Safari/537.36"
101.81.162.4 - - [06/Jul/2017:11:43:53 +0000] "GET /static/js/vendor.js HTTP/1.1" 404 209 "http://139.219.225.132/" "Mozilla/5.0 (Windows NT 10.0; Win64; x64) AppleWebKit/537.36 (KHTML, like Gecko) Chrome/59.0.3071.115 Safari/537.36"
101.81.162.4 - - [06/Jul/2017:11:43:53 +0000] "GET /static/js/index.js HTTP/1.1" 404 209 "http://139.219.225.132/" "Mozilla/5.0 (Windows NT 10.0; Win64; x64) AppleWebKit/537.36 (KHTML, like Gecko) Chrome/59.0.3071.115 Safari/537.36"
101.81.162.4 - - [06/Jul/2017:11:44:29 +0000] "GET /static/ HTTP/1.1" 403 208 "-" "Mozilla/5.0 (Windows NT 10.0; Win64; x64) AppleWebKit/537.36 (KHTML, like Gecko) Chrome/59.0.3071.115 Safari/537.36"
101.81.162.4 - - [06/Jul/2017:11:44:53 +0000] "GET /static/ HTTP/1.1" 403 208 "-" "Mozilla/5.0 (Windows NT 10.0; Win64; x64) AppleWebKit/537.36 (KHTML, like Gecko) Chrome/59.0.3071.115 Safari/537.36"
101.81.162.4 - - [06/Jul/2017:11:44:57 +0000] "GET /static/js/index.js HTTP/1.1" 404 209 "-" "Mozilla/5.0 (Windows NT 10.0; Win64; x64) AppleWebKit/537.36 (KHTML, like Gecko) Chrome/59.0.3071.115 Safari/537.36"
139.162.88.63 - - [06/Jul/2017:11:47:02 +0000] "GET http://clientapi.ipip.net/echo.php?info=1234567890 HTTP/1.1" 400 47601 "-" "Go-http-client/1.1"
101.81.162.4 - - [06/Jul/2017:11:51:24 +0000] "GET /static/js/index.js HTTP/1.1" 404 209 "-" "Mozilla/5.0 (Windows NT 10.0; Win64; x64) AppleWebKit/537.36 (KHTML, like Gecko) Chrome/59.0.3071.115 Safari/537.36"
101.81.162.4 - - [06/Jul/2017:11:51:26 +0000] "GET / HTTP/1.1" 200 303 "-" "Mozilla/5.0 (Windows NT 10.0; Win64; x64) AppleWebKit/537.36 (KHTML, like Gecko) Chrome/59.0.3071.115 Safari/537.36"
101.81.162.4 - - [06/Jul/2017:11:51:26 +0000] "GET /static/js/manifest.js HTTP/1.1" 404 209 "http://139.219.225.132/" "Mozilla/5.0 (Windows NT 10.0; Win64; x64) AppleWebKit/537.36 (KHTML, like Gecko) Chrome/59.0.3071.115 Safari/537.36"
101.81.162.4 - - [06/Jul/2017:11:51:26 +0000] "GET /static/js/vendor.js HTTP/1.1" 404 209 "http://139.219.225.132/" "Mozilla/5.0 (Windows NT 10.0; Win64; x64) AppleWebKit/537.36 (KHTML, like Gecko) Chrome/59.0.3071.115 Safari/537.36"
101.81.162.4 - - [06/Jul/2017:11:51:26 +0000] "GET /static/js/index.js HTTP/1.1" 404 209 "http://139.219.225.132/" "Mozilla/5.0 (Windows NT 10.0; Win64; x64) AppleWebKit/537.36 (KHTML, like Gecko) Chrome/59.0.3071.115 Safari/537.36"
101.81.162.4 - - [06/Jul/2017:11:51:27 +0000] "GET /static/js/vendor.js HTTP/1.1" 404 209 "http://139.219.225.132/" "Mozilla/5.0 (Windows NT 10.0; Win64; x64) AppleWebKit/537.36 (KHTML, like Gecko) Chrome/59.0.3071.115 Safari/537.36"
101.81.162.4 - - [06/Jul/2017:11:51:27 +0000] "GET /static/js/index.js HTTP/1.1" 404 209 "http://139.219.225.132/" "Mozilla/5.0 (Windows NT 10.0; Win64; x64) AppleWebKit/537.36 (KHTML, like Gecko) Chrome/59.0.3071.115 Safari/537.36"
221.229.166.77 - - [06/Jul/2017:11:54:58 +0000] "GET / HTTP/1.1" 200 624 "http://139.219.225.132:80/" "Mozilla/4.0 (compatible; MSIE 9.0; Windows NT 6.1)"
101.81.162.4 - - [06/Jul/2017:12:02:59 +0000] "GET / HTTP/1.1" 200 303 "-" "Mozilla/5.0 (Windows NT 10.0; Win64; x64) AppleWebKit/537.36 (KHTML, like Gecko) Chrome/59.0.3071.115 Safari/537.36"
101.81.162.4 - - [06/Jul/2017:12:02:59 +0000] "GET /static/js/manifest.js HTTP/1.1" 404 209 "http://139.219.225.132/" "Mozilla/5.0 (Windows NT 10.0; Win64; x64) AppleWebKit/537.36 (KHTML, like Gecko) Chrome/59.0.3071.115 Safari/537.36"
101.81.162.4 - - [06/Jul/2017:12:02:59 +0000] "GET /static/js/vendor.js HTTP/1.1" 404 209 "http://139.219.225.132/" "Mozilla/5.0 (Windows NT 10.0; Win64; x64) AppleWebKit/537.36 (KHTML, like Gecko) Chrome/59.0.3071.115 Safari/537.36"
101.81.162.4 - - [06/Jul/2017:12:02:59 +0000] "GET /static/js/index.js HTTP/1.1" 404 209 "http://139.219.225.132/" "Mozilla/5.0 (Windows NT 10.0; Win64; x64) AppleWebKit/537.36 (KHTML, like Gecko) Chrome/59.0.3071.115 Safari/537.36"
101.81.162.4 - - [06/Jul/2017:12:03:00 +0000] "GET /static/js/vendor.js HTTP/1.1" 404 209 "http://139.219.225.132/" "Mozilla/5.0 (Windows NT 10.0; Win64; x64) AppleWebKit/537.36 (KHTML, like Gecko) Chrome/59.0.3071.115 Safari/537.36"
101.81.162.4 - - [06/Jul/2017:12:03:00 +0000] "GET /static/js/index.js HTTP/1.1" 404 209 "http://139.219.225.132/" "Mozilla/5.0 (Windows NT 10.0; Win64; x64) AppleWebKit/537.36 (KHTML, like Gecko) Chrome/59.0.3071.115 Safari/537.36"
101.81.162.4 - - [06/Jul/2017:12:12:49 +0000] "GET / HTTP/1.1" 200 321 "-" "Mozilla/5.0 (Windows NT 10.0; Win64; x64) AppleWebKit/537.36 (KHTML, like Gecko) Chrome/59.0.3071.115 Safari/537.36"
101.81.162.4 - - [06/Jul/2017:12:12:49 +0000] "GET /static/js/manifest.js HTTP/1.1" 200 1418 "http://139.219.225.132/" "Mozilla/5.0 (Windows NT 10.0; Win64; x64) AppleWebKit/537.36 (KHTML, like Gecko) Chrome/59.0.3071.115 Safari/537.36"
101.81.162.4 - - [06/Jul/2017:12:12:49 +0000] "GET /static/js/admin_club.js HTTP/1.1" 200 56805 "http://139.219.225.132/" "Mozilla/5.0 (Windows NT 10.0; Win64; x64) AppleWebKit/537.36 (KHTML, like Gecko) Chrome/59.0.3071.115 Safari/537.36"
101.81.162.4 - - [06/Jul/2017:12:12:49 +0000] "GET /static/js/admin_cd.js HTTP/1.1" 200 27934 "http://139.219.225.132/" "Mozilla/5.0 (Windows NT 10.0; Win64; x64) AppleWebKit/537.36 (KHTML, like Gecko) Chrome/59.0.3071.115 Safari/537.36"
101.81.162.4 - - [06/Jul/2017:12:12:49 +0000] "GET /static/js/index.js HTTP/1.1" 200 48565 "http://139.219.225.132/" "Mozilla/5.0 (Windows NT 10.0; Win64; x64) AppleWebKit/537.36 (KHTML, like Gecko) Chrome/59.0.3071.115 Safari/537.36"
101.81.162.4 - - [06/Jul/2017:12:12:49 +0000] "GET /static/css/admin_cd.css HTTP/1.1" 200 245201 "http://139.219.225.132/" "Mozilla/5.0 (Windows NT 10.0; Win64; x64) AppleWebKit/537.36 (KHTML, like Gecko) Chrome/59.0.3071.115 Safari/537.36"
101.81.162.4 - - [06/Jul/2017:12:12:49 +0000] "GET /static/js/vendor.js HTTP/1.1" 200 612278 "http://139.219.225.132/" "Mozilla/5.0 (Windows NT 10.0; Win64; x64) AppleWebKit/537.36 (KHTML, like Gecko) Chrome/59.0.3071.115 Safari/537.36"
101.81.162.4 - - [06/Jul/2017:12:12:49 +0000] "GET /static/css/admin_club.css HTTP/1.1" 200 506493 "http://139.219.225.132/" "Mozilla/5.0 (Windows NT 10.0; Win64; x64) AppleWebKit/537.36 (KHTML, like Gecko) Chrome/59.0.3071.115 Safari/537.36"
101.81.162.4 - - [06/Jul/2017:12:12:50 +0000] "GET /static/fonts/icomoon.2b47cb1.ttf HTTP/1.1" 200 102868 "http://139.219.225.132/static/css/admin_club.css" "Mozilla/5.0 (Windows NT 10.0; Win64; x64) AppleWebKit/537.36 (KHTML, like Gecko) Chrome/59.0.3071.115 Safari/537.36"
101.81.162.4 - - [06/Jul/2017:12:12:50 +0000] "GET /static/js/manifest.js.map HTTP/1.1" 200 14116 "-" "Mozilla/5.0 (Windows NT 10.0; Win64; x64) AppleWebKit/537.36 (KHTML, like Gecko) Chrome/59.0.3071.115 Safari/537.36"
101.81.162.4 - - [06/Jul/2017:12:12:50 +0000] "GET /static/img/6.940d8d3.jpg HTTP/1.1" 200 1582770 "http://139.219.225.132/static/css/index.css" "Mozilla/5.0 (Windows NT 10.0; Win64; x64) AppleWebKit/537.36 (KHTML, like Gecko) Chrome/59.0.3071.115 Safari/537.36"
101.81.162.4 - - [06/Jul/2017:12:12:50 +0000] "GET /static/img/2.f9a2431.jpg HTTP/1.1" 200 1248028 "http://139.219.225.132/static/css/index.css" "Mozilla/5.0 (Windows NT 10.0; Win64; x64) AppleWebKit/537.36 (KHTML, like Gecko) Chrome/59.0.3071.115 Safari/537.36"
101.81.162.4 - - [06/Jul/2017:12:12:50 +0000] "GET /static/js/admin_club.js.map HTTP/1.1" 200 359755 "-" "Mozilla/5.0 (Windows NT 10.0; Win64; x64) AppleWebKit/537.36 (KHTML, like Gecko) Chrome/59.0.3071.115 Safari/537.36"
101.81.162.4 - - [06/Jul/2017:12:12:50 +0000] "GET /static/js/admin_cd.js.map HTTP/1.1" 200 178181 "-" "Mozilla/5.0 (Windows NT 10.0; Win64; x64) AppleWebKit/537.36 (KHTML, like Gecko) Chrome/59.0.3071.115 Safari/537.36"
101.81.162.4 - - [06/Jul/2017:12:12:50 +0000] "GET /static/img/5.32ecdf2.jpg HTTP/1.1" 200 1373810 "http://139.219.225.132/static/css/index.css" "Mozilla/5.0 (Windows NT 10.0; Win64; x64) AppleWebKit/537.36 (KHTML, like Gecko) Chrome/59.0.3071.115 Safari/537.36"
101.81.162.4 - - [06/Jul/2017:12:12:51 +0000] "GET /static/js/index.js.map HTTP/1.1" 200 224254 "-" "Mozilla/5.0 (Windows NT 10.0; Win64; x64) AppleWebKit/537.36 (KHTML, like Gecko) Chrome/59.0.3071.115 Safari/537.36"
101.81.162.4 - - [06/Jul/2017:12:12:51 +0000] "GET /static/img/4.90384d8.jpg HTTP/1.1" 200 1111250 "http://139.219.225.132/static/css/index.css" "Mozilla/5.0 (Windows NT 10.0; Win64; x64) AppleWebKit/537.36 (KHTML, like Gecko) Chrome/59.0.3071.115 Safari/537.36"
101.81.162.4 - - [06/Jul/2017:12:12:51 +0000] "GET /static/img/9.5f9b6ab.jpg HTTP/1.1" 200 1791129 "http://139.219.225.132/static/css/index.css" "Mozilla/5.0 (Windows NT 10.0; Win64; x64) AppleWebKit/537.36 (KHTML, like Gecko) Chrome/59.0.3071.115 Safari/537.36"
101.81.162.4 - - [06/Jul/2017:12:12:51 +0000] "GET /static/js/vendor.js.map HTTP/1.1" 200 3788151 "-" "Mozilla/5.0 (Windows NT 10.0; Win64; x64) AppleWebKit/537.36 (KHTML, like Gecko) Chrome/59.0.3071.115 Safari/537.36"
101.81.162.4 - - [06/Jul/2017:12:13:05 +0000] "GET /admin%E3%80%81 HTTP/1.1" 404 1005 "-" "Mozilla/5.0 (Windows NT 10.0; Win64; x64) AppleWebKit/537.36 (KHTML, like Gecko) Chrome/59.0.3071.115 Safari/537.36"
61.151.218.119 - - [06/Jul/2017:12:13:06 +0000] "GET / HTTP/1.1" 200 321 "-" "Mozilla/5.0 (Windows NT 6.1; WOW64; rv:50.0) Gecko/20100101 Firefox/50.0"
101.226.33.201 - - [06/Jul/2017:12:13:06 +0000] "GET / HTTP/1.1" 200 321 "-" "Mozilla/5.0 (Windows NT 6.1; WOW64) AppleWebKit/537.36 (KHTML, like Gecko) Chrome/53.0.2785.104 Safari/537.36 Core/1.53.2141.400 QQBrowser/9.5.10219.400"
61.151.218.119 - - [06/Jul/2017:12:13:06 +0000] "GET /static/js/jquery-3.2.1.min.js HTTP/1.1" 200 86659 "http://139.219.225.132/" "Mozilla/5.0 (Windows NT 6.1; WOW64) AppleWebKit/537.36 (KHTML, like Gecko) Chrome/56.0.2924.87 Safari/537.36"
101.81.162.4 - - [06/Jul/2017:12:13:08 +0000] "GET /admin/ HTTP/1.1" 302 0 "-" "Mozilla/5.0 (Windows NT 10.0; Win64; x64) AppleWebKit/537.36 (KHTML, like Gecko) Chrome/59.0.3071.115 Safari/537.36"
61.151.218.119 - - [06/Jul/2017:12:13:08 +0000] "GET /static/js/jquery.waypoints.min.js HTTP/1.1" 200 8835 "http://139.219.225.132/" "Mozilla/5.0 (Macintosh; Intel Mac OS X 10_12_4) AppleWebKit/537.36 (KHTML, like Gecko) \x09\x09\x09Chrome/55.0.2883.95 Safari/537.36"
101.81.162.4 - - [06/Jul/2017:12:13:08 +0000] "GET /admin/login/?next=/admin/ HTTP/1.1" 200 778 "-" "Mozilla/5.0 (Windows NT 10.0; Win64; x64) AppleWebKit/537.36 (KHTML, like Gecko) Chrome/59.0.3071.115 Safari/537.36"
101.81.162.4 - - [06/Jul/2017:12:13:08 +0000] "GET /static/admin/css/base.css HTTP/1.1" 200 15937 "http://139.219.225.132/admin/login/?next=/admin/" "Mozilla/5.0 (Windows NT 10.0; Win64; x64) AppleWebKit/537.36 (KHTML, like Gecko) Chrome/59.0.3071.115 Safari/537.36"
101.81.162.4 - - [06/Jul/2017:12:13:08 +0000] "GET /static/admin/css/login.css HTTP/1.1" 200 1203 "http://139.219.225.132/admin/login/?next=/admin/" "Mozilla/5.0 (Windows NT 10.0; Win64; x64) AppleWebKit/537.36 (KHTML, like Gecko) Chrome/59.0.3071.115 Safari/537.36"
101.81.162.4 - - [06/Jul/2017:12:13:08 +0000] "GET /static/admin/css/fonts.css HTTP/1.1" 200 423 "http://139.219.225.132/admin/login/?next=/admin/" "Mozilla/5.0 (Windows NT 10.0; Win64; x64) AppleWebKit/537.36 (KHTML, like Gecko) Chrome/59.0.3071.115 Safari/537.36"
101.81.162.4 - - [06/Jul/2017:12:13:08 +0000] "GET /static/admin/fonts/Roboto-Regular-webfont.woff HTTP/1.1" 200 80304 "http://139.219.225.132/static/admin/css/fonts.css" "Mozilla/5.0 (Windows NT 10.0; Win64; x64) AppleWebKit/537.36 (KHTML, like Gecko) Chrome/59.0.3071.115 Safari/537.36"
101.81.162.4 - - [06/Jul/2017:12:13:08 +0000] "GET /static/admin/fonts/Roboto-Light-webfont.woff HTTP/1.1" 200 81348 "http://139.219.225.132/static/admin/css/fonts.css" "Mozilla/5.0 (Windows NT 10.0; Win64; x64) AppleWebKit/537.36 (KHTML, like Gecko) Chrome/59.0.3071.115 Safari/537.36"
61.151.218.119 - - [06/Jul/2017:12:13:08 +0000] "GET /static/js/jquery.flexslider-min.js HTTP/1.1" 200 22342 "http://139.219.225.132/" "Mozilla/5.0 (Windows NT 6.1; WOW64; rv:50.0) Gecko/20100101 Firefox/50.0"
61.151.218.119 - - [06/Jul/2017:12:13:08 +0000] "GET /static/js/main.js HTTP/1.1" 200 5838 "http://139.219.225.132/" "Mozilla/5.0 (Windows NT 6.1; WOW64; Trident/7.0; SLCC2; .NET CLR 2.0.50727; .NET CLR 3.5.30729; .NET CLR 3.0.30729; Media Center PC 6.0; .NET4.0C; .NET4.0E; InfoPath.3; rv:11.0) like Gecko"
61.151.218.119 - - [06/Jul/2017:12:13:09 +0000] "GET /static/js/manifest.js HTTP/1.1" 200 1418 "http://139.219.225.132/" "Mozilla/5.0 (Windows NT 6.1; WOW64) AppleWebKit/537.36 (KHTML, like Gecko) Chrome/45.0.2454.101 Safari/537.36"
101.226.33.201 - - [06/Jul/2017:12:13:09 +0000] "GET /static/js/jquery-3.2.1.min.js HTTP/1.1" 200 86659 "http://139.219.225.132/" "Mozilla/5.0 (Windows NT 6.1; WOW64; rv:50.0) Gecko/20100101 Firefox/50.0"
61.151.218.119 - - [06/Jul/2017:12:13:10 +0000] "GET /static/js/vendor.js HTTP/1.1" 200 535480 "http://139.219.225.132/" "Mozilla/5.0 (Windows NT 6.1; WOW64; rv:50.0) Gecko/20100101 Firefox/50.0"
61.151.218.119 - - [06/Jul/2017:12:13:10 +0000] "GET /static/js/admin_club.js HTTP/1.1" 200 56805 "http://139.219.225.132/" "Mozilla/5.0 (Windows NT 6.1; WOW64; Trident/7.0; SLCC2; .NET CLR 2.0.50727; .NET CLR 3.5.30729; .NET CLR 3.0.30729; Media Center PC 6.0; .NET4.0C; .NET4.0E; InfoPath.3; rv:11.0) like Gecko"
61.151.218.119 - - [06/Jul/2017:12:13:10 +0000] "GET /static/js/admin_cd.js HTTP/1.1" 200 27934 "http://139.219.225.132/" "Mozilla/5.0 (Macintosh; Intel Mac OS X 10_12_4) AppleWebKit/537.36 (KHTML, like Gecko) \x09\x09\x09Chrome/55.0.2883.95 Safari/537.36"
61.151.218.119 - - [06/Jul/2017:12:13:10 +0000] "GET /static/js/index.js HTTP/1.1" 200 48565 "http://139.219.225.132/" "Mozilla/5.0 (Macintosh; Intel Mac OS X 10_12_4) AppleWebKit/537.36 (KHTML, like Gecko) \x09\x09\x09Chrome/55.0.2883.95 Safari/537.36"
58.247.149.197 - - [06/Jul/2017:12:13:12 +0000] "GET / HTTP/1.1" 200 321 "-" "Mozilla/5.0 (Linux; Android 6.0.1; SAMSUNG-SM-G891A Build/MMB29M; wv) AppleWebKit/537.36 (KHTML, like Gecko) Version/4.0 Chrome/53.0.2785.49 Mobile MQQBrowser/6.2 TBS/043305 Safari/537.36 V1_AND_SQ_6.7.1_500_YYB_D QQ/6.7.1.3105 NetType/WIFI WebP/0.3.0 Pixel/1440"
58.247.149.197 - - [06/Jul/2017:12:13:14 +0000] "GET /static/js/jquery-3.2.1.min.js HTTP/1.1" 200 86659 "http://139.219.225.132/" "Mozilla/5.0 (Linux; Android 6.0.1; SAMSUNG-SM-G891A Build/MMB29M; wv) AppleWebKit/537.36 (KHTML, like Gecko) Version/4.0 Chrome/53.0.2785.49 Mobile MQQBrowser/6.2 TBS/043305 Safari/537.36 V1_AND_SQ_6.7.1_500_YYB_D QQ/6.7.1.3105 NetType/WIFI WebP/0.3.0 Pixel/1440"
58.247.149.197 - - [06/Jul/2017:12:13:14 +0000] "GET /static/js/jquery.waypoints.min.js HTTP/1.1" 200 8835 "http://139.219.225.132/" "Mozilla/5.0 (Linux; Android 6.0.1; SAMSUNG-SM-G891A Build/MMB29M; wv) AppleWebKit/537.36 (KHTML, like Gecko) Version/4.0 Chrome/53.0.2785.49 Mobile MQQBrowser/6.2 TBS/043305 Safari/537.36 V1_AND_SQ_6.7.1_500_YYB_D QQ/6.7.1.3105 NetType/WIFI WebP/0.3.0 Pixel/1440"
58.247.149.197 - - [06/Jul/2017:12:13:14 +0000] "GET /static/js/jquery.flexslider-min.js HTTP/1.1" 200 22342 "http://139.219.225.132/" "Mozilla/5.0 (Linux; Android 6.0.1; SAMSUNG-SM-G891A Build/MMB29M; wv) AppleWebKit/537.36 (KHTML, like Gecko) Version/4.0 Chrome/53.0.2785.49 Mobile MQQBrowser/6.2 TBS/043305 Safari/537.36 V1_AND_SQ_6.7.1_500_YYB_D QQ/6.7.1.3105 NetType/WIFI WebP/0.3.0 Pixel/1440"
58.247.149.197 - - [06/Jul/2017:12:13:15 +0000] "GET /static/js/main.js HTTP/1.1" 200 5838 "http://139.219.225.132/" "Mozilla/5.0 (Linux; Android 6.0.1; SAMSUNG-SM-G891A Build/MMB29M; wv) AppleWebKit/537.36 (KHTML, like Gecko) Version/4.0 Chrome/53.0.2785.49 Mobile MQQBrowser/6.2 TBS/043305 Safari/537.36 V1_AND_SQ_6.7.1_500_YYB_D QQ/6.7.1.3105 NetType/WIFI WebP/0.3.0 Pixel/1440"
58.247.149.197 - - [06/Jul/2017:12:13:16 +0000] "GET /static/js/manifest.js HTTP/1.1" 200 1418 "http://139.219.225.132/" "Mozilla/5.0 (Linux; Android 6.0.1; SAMSUNG-SM-G891A Build/MMB29M; wv) AppleWebKit/537.36 (KHTML, like Gecko) Version/4.0 Chrome/53.0.2785.49 Mobile MQQBrowser/6.2 TBS/043305 Safari/537.36 V1_AND_SQ_6.7.1_500_YYB_D QQ/6.7.1.3105 NetType/WIFI WebP/0.3.0 Pixel/1440"
101.226.33.201 - - [06/Jul/2017:12:13:18 +0000] "GET /static/js/jquery.waypoints.min.js HTTP/1.1" 200 8835 "http://139.219.225.132/" "Mozilla/5.0 (Windows NT 6.1; WOW64; Trident/7.0; SLCC2; .NET CLR 2.0.50727; .NET CLR 3.5.30729; .NET CLR 3.0.30729; Media Center PC 6.0; .NET4.0C; .NET4.0E; InfoPath.3; rv:11.0) like Gecko"
101.81.162.4 - - [06/Jul/2017:12:13:18 +0000] "GET /admin_club.html/ HTTP/1.1" 200 261 "-" "Mozilla/5.0 (Windows NT 10.0; Win64; x64) AppleWebKit/537.36 (KHTML, like Gecko) Chrome/59.0.3071.115 Safari/537.36"
101.81.162.4 - - [06/Jul/2017:12:13:18 +0000] "GET /static/css/admin_club.css HTTP/1.1" 304 0 "http://139.219.225.132/admin_club.html/" "Mozilla/5.0 (Windows NT 10.0; Win64; x64) AppleWebKit/537.36 (KHTML, like Gecko) Chrome/59.0.3071.115 Safari/537.36"
101.81.162.4 - - [06/Jul/2017:12:13:18 +0000] "GET /static/js/manifest.js HTTP/1.1" 304 0 "http://139.219.225.132/admin_club.html/" "Mozilla/5.0 (Windows NT 10.0; Win64; x64) AppleWebKit/537.36 (KHTML, like Gecko) Chrome/59.0.3071.115 Safari/537.36"
101.81.162.4 - - [06/Jul/2017:12:13:18 +0000] "GET /static/js/vendor.js HTTP/1.1" 304 0 "http://139.219.225.132/admin_club.html/" "Mozilla/5.0 (Windows NT 10.0; Win64; x64) AppleWebKit/537.36 (KHTML, like Gecko) Chrome/59.0.3071.115 Safari/537.36"
101.81.162.4 - - [06/Jul/2017:12:13:18 +0000] "GET /static/js/admin_club.js HTTP/1.1" 304 0 "http://139.219.225.132/admin_club.html/" "Mozilla/5.0 (Windows NT 10.0; Win64; x64) AppleWebKit/537.36 (KHTML, like Gecko) Chrome/59.0.3071.115 Safari/537.36"
58.247.149.197 - - [06/Jul/2017:12:13:18 +0000] "GET /static/js/admin_club.js HTTP/1.1" 200 56805 "http://139.219.225.132/" "Mozilla/5.0 (Linux; Android 6.0.1; SAMSUNG-SM-G891A Build/MMB29M; wv) AppleWebKit/537.36 (KHTML, like Gecko) Version/4.0 Chrome/53.0.2785.49 Mobile MQQBrowser/6.2 TBS/043305 Safari/537.36 V1_AND_SQ_6.7.1_500_YYB_D QQ/6.7.1.3105 NetType/WIFI WebP/0.3.0 Pixel/1440"
58.247.149.197 - - [06/Jul/2017:12:13:19 +0000] "GET /static/js/admin_cd.js HTTP/1.1" 200 27934 "http://139.219.225.132/" "Mozilla/5.0 (Linux; Android 6.0.1; SAMSUNG-SM-G891A Build/MMB29M; wv) AppleWebKit/537.36 (KHTML, like Gecko) Version/4.0 Chrome/53.0.2785.49 Mobile MQQBrowser/6.2 TBS/043305 Safari/537.36 V1_AND_SQ_6.7.1_500_YYB_D QQ/6.7.1.3105 NetType/WIFI WebP/0.3.0 Pixel/1440"
101.81.162.4 - - [06/Jul/2017:12:13:19 +0000] "GET /static/js/manifest.js.map HTTP/1.1" 304 0 "-" "Mozilla/5.0 (Windows NT 10.0; Win64; x64) AppleWebKit/537.36 (KHTML, like Gecko) Chrome/59.0.3071.115 Safari/537.36"
101.81.162.4 - - [06/Jul/2017:12:13:19 +0000] "GET /static/js/vendor.js.map HTTP/1.1" 304 0 "-" "Mozilla/5.0 (Windows NT 10.0; Win64; x64) AppleWebKit/537.36 (KHTML, like Gecko) Chrome/59.0.3071.115 Safari/537.36"
101.81.162.4 - - [06/Jul/2017:12:13:19 +0000] "GET /static/js/admin_club.js.map HTTP/1.1" 304 0 "-" "Mozilla/5.0 (Windows NT 10.0; Win64; x64) AppleWebKit/537.36 (KHTML, like Gecko) Chrome/59.0.3071.115 Safari/537.36"
101.226.33.201 - - [06/Jul/2017:12:13:20 +0000] "GET /static/js/jquery.flexslider-min.js HTTP/1.1" 200 22342 "http://139.219.225.132/" "Mozilla/5.0 (Windows NT 6.1; WOW64; rv:50.0) Gecko/20100101 Firefox/50.0"
58.247.149.197 - - [06/Jul/2017:12:13:20 +0000] "GET /static/js/index.js HTTP/1.1" 200 48565 "http://139.219.225.132/" "Mozilla/5.0 (Linux; Android 6.0.1; SAMSUNG-SM-G891A Build/MMB29M; wv) AppleWebKit/537.36 (KHTML, like Gecko) Version/4.0 Chrome/53.0.2785.49 Mobile MQQBrowser/6.2 TBS/043305 Safari/537.36 V1_AND_SQ_6.7.1_500_YYB_D QQ/6.7.1.3105 NetType/WIFI WebP/0.3.0 Pixel/1440"
101.226.33.201 - - [06/Jul/2017:12:13:25 +0000] "GET /static/js/main.js HTTP/1.1" 200 5838 "http://139.219.225.132/" "Mozilla/5.0 (Windows NT 6.1; WOW64) AppleWebKit/537.36 (KHTML, like Gecko) Chrome/45.0.2454.101 Safari/537.36"
101.226.33.201 - - [06/Jul/2017:12:13:29 +0000] "GET /static/js/manifest.js HTTP/1.1" 200 1418 "http://139.219.225.132/" "Mozilla/5.0 (Macintosh; Intel Mac OS X 10_12_4) AppleWebKit/537.36 (KHTML, like Gecko) \x09\x09\x09Chrome/55.0.2883.95 Safari/537.36"
101.81.162.4 - - [06/Jul/2017:12:13:35 +0000] "GET /static/js/vendor.js.map HTTP/1.1" 304 0 "-" "Mozilla/5.0 (Windows NT 10.0; Win64; x64) AppleWebKit/537.36 (KHTML, like Gecko) Chrome/59.0.3071.115 Safari/537.36"
101.81.162.4 - - [06/Jul/2017:12:13:35 +0000] "GET /static/js/manifest.js.map HTTP/1.1" 304 0 "-" "Mozilla/5.0 (Windows NT 10.0; Win64; x64) AppleWebKit/537.36 (KHTML, like Gecko) Chrome/59.0.3071.115 Safari/537.36"
101.81.162.4 - - [06/Jul/2017:12:13:35 +0000] "GET /static/js/admin_club.js.map HTTP/1.1" 304 0 "-" "Mozilla/5.0 (Windows NT 10.0; Win64; x64) AppleWebKit/537.36 (KHTML, like Gecko) Chrome/59.0.3071.115 Safari/537.36"
223.104.212.51 - - [06/Jul/2017:12:13:40 +0000] "GET / HTTP/1.1" 200 321 "-" "Mozilla/5.0 (Linux; Android 6.0.1; SM-C7010 Build/MMB29M; wv) AppleWebKit/537.36 (KHTML, like Gecko) Version/4.0 Chrome/53.0.2785.49 Mobile MQQBrowser/6.2 TBS/043305 Safari/537.36 V1_AND_SQ_7.1.0_692_YYB_D QQ/7.1.0.3175 NetType/4G WebP/0.3.0 Pixel/1080"
223.104.212.51 - - [06/Jul/2017:12:13:40 +0000] "GET /static/js/jquery-3.2.1.min.js HTTP/1.1" 200 86659 "http://139.219.225.132/" "Mozilla/5.0 (Linux; Android 6.0.1; SM-C7010 Build/MMB29M; wv) AppleWebKit/537.36 (KHTML, like Gecko) Version/4.0 Chrome/53.0.2785.49 Mobile MQQBrowser/6.2 TBS/043305 Safari/537.36 V1_AND_SQ_7.1.0_692_YYB_D QQ/7.1.0.3175 NetType/4G WebP/0.3.0 Pixel/1080"
223.104.212.51 - - [06/Jul/2017:12:13:40 +0000] "GET /static/js/jquery.waypoints.min.js HTTP/1.1" 200 8835 "http://139.219.225.132/" "Mozilla/5.0 (Linux; Android 6.0.1; SM-C7010 Build/MMB29M; wv) AppleWebKit/537.36 (KHTML, like Gecko) Version/4.0 Chrome/53.0.2785.49 Mobile MQQBrowser/6.2 TBS/043305 Safari/537.36 V1_AND_SQ_7.1.0_692_YYB_D QQ/7.1.0.3175 NetType/4G WebP/0.3.0 Pixel/1080"
223.104.212.51 - - [06/Jul/2017:12:13:40 +0000] "GET /static/js/jquery.flexslider-min.js HTTP/1.1" 200 22342 "http://139.219.225.132/" "Mozilla/5.0 (Linux; Android 6.0.1; SM-C7010 Build/MMB29M; wv) AppleWebKit/537.36 (KHTML, like Gecko) Version/4.0 Chrome/53.0.2785.49 Mobile MQQBrowser/6.2 TBS/043305 Safari/537.36 V1_AND_SQ_7.1.0_692_YYB_D QQ/7.1.0.3175 NetType/4G WebP/0.3.0 Pixel/1080"
223.104.212.51 - - [06/Jul/2017:12:13:40 +0000] "GET /static/js/main.js HTTP/1.1" 200 5838 "http://139.219.225.132/" "Mozilla/5.0 (Linux; Android 6.0.1; SM-C7010 Build/MMB29M; wv) AppleWebKit/537.36 (KHTML, like Gecko) Version/4.0 Chrome/53.0.2785.49 Mobile MQQBrowser/6.2 TBS/043305 Safari/537.36 V1_AND_SQ_7.1.0_692_YYB_D QQ/7.1.0.3175 NetType/4G WebP/0.3.0 Pixel/1080"
223.104.212.51 - - [06/Jul/2017:12:13:40 +0000] "GET /static/js/manifest.js HTTP/1.1" 200 1418 "http://139.219.225.132/" "Mozilla/5.0 (Linux; Android 6.0.1; SM-C7010 Build/MMB29M; wv) AppleWebKit/537.36 (KHTML, like Gecko) Version/4.0 Chrome/53.0.2785.49 Mobile MQQBrowser/6.2 TBS/043305 Safari/537.36 V1_AND_SQ_7.1.0_692_YYB_D QQ/7.1.0.3175 NetType/4G WebP/0.3.0 Pixel/1080"
223.104.212.51 - - [06/Jul/2017:12:13:40 +0000] "GET /static/js/admin_club.js HTTP/1.1" 200 56805 "http://139.219.225.132/" "Mozilla/5.0 (Linux; Android 6.0.1; SM-C7010 Build/MMB29M; wv) AppleWebKit/537.36 (KHTML, like Gecko) Version/4.0 Chrome/53.0.2785.49 Mobile MQQBrowser/6.2 TBS/043305 Safari/537.36 V1_AND_SQ_7.1.0_692_YYB_D QQ/7.1.0.3175 NetType/4G WebP/0.3.0 Pixel/1080"
223.104.212.51 - - [06/Jul/2017:12:13:40 +0000] "GET /static/js/admin_cd.js HTTP/1.1" 200 27934 "http://139.219.225.132/" "Mozilla/5.0 (Linux; Android 6.0.1; SM-C7010 Build/MMB29M; wv) AppleWebKit/537.36 (KHTML, like Gecko) Version/4.0 Chrome/53.0.2785.49 Mobile MQQBrowser/6.2 TBS/043305 Safari/537.36 V1_AND_SQ_7.1.0_692_YYB_D QQ/7.1.0.3175 NetType/4G WebP/0.3.0 Pixel/1080"
223.104.212.51 - - [06/Jul/2017:12:13:40 +0000] "GET /static/css/admin_cd.css HTTP/1.1" 200 245201 "http://139.219.225.132/" "Mozilla/5.0 (Linux; Android 6.0.1; SM-C7010 Build/MMB29M; wv) AppleWebKit/537.36 (KHTML, like Gecko) Version/4.0 Chrome/53.0.2785.49 Mobile MQQBrowser/6.2 TBS/043305 Safari/537.36 V1_AND_SQ_7.1.0_692_YYB_D QQ/7.1.0.3175 NetType/4G WebP/0.3.0 Pixel/1080"
223.104.212.51 - - [06/Jul/2017:12:13:40 +0000] "GET /static/js/vendor.js HTTP/1.1" 200 612278 "http://139.219.225.132/" "Mozilla/5.0 (Linux; Android 6.0.1; SM-C7010 Build/MMB29M; wv) AppleWebKit/537.36 (KHTML, like Gecko) Version/4.0 Chrome/53.0.2785.49 Mobile MQQBrowser/6.2 TBS/043305 Safari/537.36 V1_AND_SQ_7.1.0_692_YYB_D QQ/7.1.0.3175 NetType/4G WebP/0.3.0 Pixel/1080"
223.104.212.51 - - [06/Jul/2017:12:13:40 +0000] "GET /static/js/index.js HTTP/1.1" 200 48565 "http://139.219.225.132/" "Mozilla/5.0 (Linux; Android 6.0.1; SM-C7010 Build/MMB29M; wv) AppleWebKit/537.36 (KHTML, like Gecko) Version/4.0 Chrome/53.0.2785.49 Mobile MQQBrowser/6.2 TBS/043305 Safari/537.36 V1_AND_SQ_7.1.0_692_YYB_D QQ/7.1.0.3175 NetType/4G WebP/0.3.0 Pixel/1080"
223.104.212.51 - - [06/Jul/2017:12:13:41 +0000] "GET /static/css/admin_club.css HTTP/1.1" 200 506493 "http://139.219.225.132/" "Mozilla/5.0 (Linux; Android 6.0.1; SM-C7010 Build/MMB29M; wv) AppleWebKit/537.36 (KHTML, like Gecko) Version/4.0 Chrome/53.0.2785.49 Mobile MQQBrowser/6.2 TBS/043305 Safari/537.36 V1_AND_SQ_7.1.0_692_YYB_D QQ/7.1.0.3175 NetType/4G WebP/0.3.0 Pixel/1080"
223.104.212.51 - - [06/Jul/2017:12:13:41 +0000] "GET /static/css/index.css HTTP/1.1" 200 749578 "http://139.219.225.132/" "Mozilla/5.0 (Linux; Android 6.0.1; SM-C7010 Build/MMB29M; wv) AppleWebKit/537.36 (KHTML, like Gecko) Version/4.0 Chrome/53.0.2785.49 Mobile MQQBrowser/6.2 TBS/043305 Safari/537.36 V1_AND_SQ_7.1.0_692_YYB_D QQ/7.1.0.3175 NetType/4G WebP/0.3.0 Pixel/1080"
58.247.149.197 - - [06/Jul/2017:12:13:41 +0000] "GET /static/js/vendor.js HTTP/1.1" 200 612278 "http://139.219.225.132/" "Mozilla/5.0 (Linux; Android 6.0.1; SAMSUNG-SM-G891A Build/MMB29M; wv) AppleWebKit/537.36 (KHTML, like Gecko) Version/4.0 Chrome/53.0.2785.49 Mobile MQQBrowser/6.2 TBS/043305 Safari/537.36 V1_AND_SQ_6.7.1_500_YYB_D QQ/6.7.1.3105 NetType/WIFI WebP/0.3.0 Pixel/1440"
101.226.33.201 - - [06/Jul/2017:12:13:43 +0000] "GET /static/js/vendor.js HTTP/1.1" 200 535480 "http://139.219.225.132/" "Mozilla/5.0 (Macintosh; Intel Mac OS X 10_12_4) AppleWebKit/537.36 (KHTML, like Gecko) \x09\x09\x09Chrome/55.0.2883.95 Safari/537.36"
223.104.212.51 - - [06/Jul/2017:12:13:44 +0000] "GET /static/fonts/icomoon.2b47cb1.ttf HTTP/1.1" 200 102868 "http://139.219.225.132/static/css/admin_club.css" "Mozilla/5.0 (Linux; Android 6.0.1; SM-C7010 Build/MMB29M; wv) AppleWebKit/537.36 (KHTML, like Gecko) Version/4.0 Chrome/53.0.2785.49 Mobile MQQBrowser/6.2 TBS/043305 Safari/537.36 V1_AND_SQ_7.1.0_692_YYB_D QQ/7.1.0.3175 NetType/4G WebP/0.3.0 Pixel/1080"
223.104.212.51 - - [06/Jul/2017:12:13:45 +0000] "GET /static/img/qlt.41dbdf0.jpg HTTP/1.1" 200 455867 "http://139.219.225.132/static/css/index.css" "Mozilla/5.0 (Linux; Android 6.0.1; SM-C7010 Build/MMB29M; wv) AppleWebKit/537.36 (KHTML, like Gecko) Version/4.0 Chrome/53.0.2785.49 Mobile MQQBrowser/6.2 TBS/043305 Safari/537.36 V1_AND_SQ_7.1.0_692_YYB_D QQ/7.1.0.3175 NetType/4G WebP/0.3.0 Pixel/1080"
223.104.212.51 - - [06/Jul/2017:12:13:45 +0000] "GET /static/img/2.f9a2431.jpg HTTP/1.1" 200 1248028 "http://139.219.225.132/static/css/index.css" "Mozilla/5.0 (Linux; Android 6.0.1; SM-C7010 Build/MMB29M; wv) AppleWebKit/537.36 (KHTML, like Gecko) Version/4.0 Chrome/53.0.2785.49 Mobile MQQBrowser/6.2 TBS/043305 Safari/537.36 V1_AND_SQ_7.1.0_692_YYB_D QQ/7.1.0.3175 NetType/4G WebP/0.3.0 Pixel/1080"
58.247.149.197 - - [06/Jul/2017:12:13:45 +0000] "GET /static/css/admin_cd.css HTTP/1.1" 200 245201 "http://139.219.225.132/" "Mozilla/5.0 (Linux; Android 6.0.1; SAMSUNG-SM-G891A Build/MMB29M; wv) AppleWebKit/537.36 (KHTML, like Gecko) Version/4.0 Chrome/53.0.2785.49 Mobile MQQBrowser/6.2 TBS/043305 Safari/537.36 V1_AND_SQ_6.7.1_500_YYB_D QQ/6.7.1.3105 NetType/WIFI WebP/0.3.0 Pixel/1440"
101.226.33.201 - - [06/Jul/2017:12:13:45 +0000] "GET /static/js/admin_club.js HTTP/1.1" 200 56805 "http://139.219.225.132/" "Mozilla/5.0 (Windows NT 6.1; WOW64) AppleWebKit/537.36 (KHTML, like Gecko) Chrome/53.0.2785.104 Safari/537.36 Core/1.53.2141.400 QQBrowser/9.5.10219.400"
223.104.212.51 - - [06/Jul/2017:12:13:45 +0000] "GET /static/img/4.90384d8.jpg HTTP/1.1" 200 1111250 "http://139.219.225.132/static/css/index.css" "Mozilla/5.0 (Linux; Android 6.0.1; SM-C7010 Build/MMB29M; wv) AppleWebKit/537.36 (KHTML, like Gecko) Version/4.0 Chrome/53.0.2785.49 Mobile MQQBrowser/6.2 TBS/043305 Safari/537.36 V1_AND_SQ_7.1.0_692_YYB_D QQ/7.1.0.3175 NetType/4G WebP/0.3.0 Pixel/1080"
223.104.212.51 - - [06/Jul/2017:12:13:45 +0000] "GET /static/img/5.32ecdf2.jpg HTTP/1.1" 200 1373810 "http://139.219.225.132/static/css/index.css" "Mozilla/5.0 (Linux; Android 6.0.1; SM-C7010 Build/MMB29M; wv) AppleWebKit/537.36 (KHTML, like Gecko) Version/4.0 Chrome/53.0.2785.49 Mobile MQQBrowser/6.2 TBS/043305 Safari/537.36 V1_AND_SQ_7.1.0_692_YYB_D QQ/7.1.0.3175 NetType/4G WebP/0.3.0 Pixel/1080"
223.104.212.51 - - [06/Jul/2017:12:13:45 +0000] "GET /static/img/6.940d8d3.jpg HTTP/1.1" 200 1582770 "http://139.219.225.132/static/css/index.css" "Mozilla/5.0 (Linux; Android 6.0.1; SM-C7010 Build/MMB29M; wv) AppleWebKit/537.36 (KHTML, like Gecko) Version/4.0 Chrome/53.0.2785.49 Mobile MQQBrowser/6.2 TBS/043305 Safari/537.36 V1_AND_SQ_7.1.0_692_YYB_D QQ/7.1.0.3175 NetType/4G WebP/0.3.0 Pixel/1080"
223.104.212.51 - - [06/Jul/2017:12:13:46 +0000] "GET /static/img/9.5f9b6ab.jpg HTTP/1.1" 200 1791129 "http://139.219.225.132/static/css/index.css" "Mozilla/5.0 (Linux; Android 6.0.1; SM-C7010 Build/MMB29M; wv) AppleWebKit/537.36 (KHTML, like Gecko) Version/4.0 Chrome/53.0.2785.49 Mobile MQQBrowser/6.2 TBS/043305 Safari/537.36 V1_AND_SQ_7.1.0_692_YYB_D QQ/7.1.0.3175 NetType/4G WebP/0.3.0 Pixel/1080"
58.247.149.197 - - [06/Jul/2017:12:13:48 +0000] "GET /static/css/admin_club.css HTTP/1.1" 200 506493 "http://139.219.225.132/" "Mozilla/5.0 (Linux; Android 6.0.1; SAMSUNG-SM-G891A Build/MMB29M; wv) AppleWebKit/537.36 (KHTML, like Gecko) Version/4.0 Chrome/53.0.2785.49 Mobile MQQBrowser/6.2 TBS/043305 Safari/537.36 V1_AND_SQ_6.7.1_500_YYB_D QQ/6.7.1.3105 NetType/WIFI WebP/0.3.0 Pixel/1440"
101.81.162.4 - - [06/Jul/2017:12:13:48 +0000] "GET /admin_cd.html HTTP/1.1" 200 260 "-" "Mozilla/5.0 (Windows NT 10.0; Win64; x64) AppleWebKit/537.36 (KHTML, like Gecko) Chrome/59.0.3071.115 Safari/537.36"
101.81.162.4 - - [06/Jul/2017:12:13:48 +0000] "GET /static/css/admin_cd.css HTTP/1.1" 304 0 "http://139.219.225.132/admin_cd.html" "Mozilla/5.0 (Windows NT 10.0; Win64; x64) AppleWebKit/537.36 (KHTML, like Gecko) Chrome/59.0.3071.115 Safari/537.36"
101.81.162.4 - - [06/Jul/2017:12:13:48 +0000] "GET /static/js/manifest.js HTTP/1.1" 304 0 "http://139.219.225.132/admin_cd.html" "Mozilla/5.0 (Windows NT 10.0; Win64; x64) AppleWebKit/537.36 (KHTML, like Gecko) Chrome/59.0.3071.115 Safari/537.36"
101.81.162.4 - - [06/Jul/2017:12:13:48 +0000] "GET /static/js/vendor.js HTTP/1.1" 304 0 "http://139.219.225.132/admin_cd.html" "Mozilla/5.0 (Windows NT 10.0; Win64; x64) AppleWebKit/537.36 (KHTML, like Gecko) Chrome/59.0.3071.115 Safari/537.36"
101.81.162.4 - - [06/Jul/2017:12:13:48 +0000] "GET /static/js/admin_cd.js HTTP/1.1" 304 0 "http://139.219.225.132/admin_cd.html" "Mozilla/5.0 (Windows NT 10.0; Win64; x64) AppleWebKit/537.36 (KHTML, like Gecko) Chrome/59.0.3071.115 Safari/537.36"
58.247.149.197 - - [06/Jul/2017:12:13:48 +0000] "GET /static/css/index.css HTTP/1.1" 200 191269 "http://139.219.225.132/" "Mozilla/5.0 (Linux; Android 6.0.1; SAMSUNG-SM-G891A Build/MMB29M; wv) AppleWebKit/537.36 (KHTML, like Gecko) Version/4.0 Chrome/53.0.2785.49 Mobile MQQBrowser/6.2 TBS/043305 Safari/537.36 V1_AND_SQ_6.7.1_500_YYB_D QQ/6.7.1.3105 NetType/WIFI WebP/0.3.0 Pixel/1440"
101.81.162.4 - - [06/Jul/2017:12:13:48 +0000] "GET /static/js/manifest.js.map HTTP/1.1" 304 0 "-" "Mozilla/5.0 (Windows NT 10.0; Win64; x64) AppleWebKit/537.36 (KHTML, like Gecko) Chrome/59.0.3071.115 Safari/537.36"
101.81.162.4 - - [06/Jul/2017:12:13:48 +0000] "GET /static/js/vendor.js.map HTTP/1.1" 304 0 "-" "Mozilla/5.0 (Windows NT 10.0; Win64; x64) AppleWebKit/537.36 (KHTML, like Gecko) Chrome/59.0.3071.115 Safari/537.36"
101.81.162.4 - - [06/Jul/2017:12:13:48 +0000] "GET /static/js/admin_cd.js.map HTTP/1.1" 304 0 "-" "Mozilla/5.0 (Windows NT 10.0; Win64; x64) AppleWebKit/537.36 (KHTML, like Gecko) Chrome/59.0.3071.115 Safari/537.36"
101.226.33.201 - - [06/Jul/2017:12:13:50 +0000] "GET /static/js/admin_cd.js HTTP/1.1" 200 27934 "http://139.219.225.132/" "Mozilla/5.0 (Windows NT 6.1; WOW64) AppleWebKit/537.36 (KHTML, like Gecko) Chrome/43.0.2357.124 Safari/537.36"
101.226.33.201 - - [06/Jul/2017:12:13:53 +0000] "GET /static/js/index.js HTTP/1.1" 200 48565 "http://139.219.225.132/" "Mozilla/5.0 (Windows NT 6.1; WOW64) AppleWebKit/537.36 (KHTML, like Gecko) Chrome/56.0.2924.87 Safari/537.36"
101.81.162.4 - - [06/Jul/2017:12:13:56 +0000] "GET / HTTP/1.1" 200 321 "-" "Mozilla/5.0 (Windows NT 10.0; Win64; x64) AppleWebKit/537.36 (KHTML, like Gecko) Chrome/59.0.3071.115 Safari/537.36"
101.81.162.4 - - [06/Jul/2017:12:13:56 +0000] "GET /static/css/admin_cd.css HTTP/1.1" 304 0 "http://139.219.225.132/" "Mozilla/5.0 (Windows NT 10.0; Win64; x64) AppleWebKit/537.36 (KHTML, like Gecko) Chrome/59.0.3071.115 Safari/537.36"
101.81.162.4 - - [06/Jul/2017:12:13:56 +0000] "GET /static/css/admin_club.css HTTP/1.1" 304 0 "http://139.219.225.132/" "Mozilla/5.0 (Windows NT 10.0; Win64; x64) AppleWebKit/537.36 (KHTML, like Gecko) Chrome/59.0.3071.115 Safari/537.36"
101.81.162.4 - - [06/Jul/2017:12:13:56 +0000] "GET /static/js/manifest.js HTTP/1.1" 304 0 "http://139.219.225.132/" "Mozilla/5.0 (Windows NT 10.0; Win64; x64) AppleWebKit/537.36 (KHTML, like Gecko) Chrome/59.0.3071.115 Safari/537.36"
101.81.162.4 - - [06/Jul/2017:12:13:56 +0000] "GET /static/js/vendor.js HTTP/1.1" 304 0 "http://139.219.225.132/" "Mozilla/5.0 (Windows NT 10.0; Win64; x64) AppleWebKit/537.36 (KHTML, like Gecko) Chrome/59.0.3071.115 Safari/537.36"
101.81.162.4 - - [06/Jul/2017:12:13:56 +0000] "GET /static/js/index.js HTTP/1.1" 304 0 "http://139.219.225.132/" "Mozilla/5.0 (Windows NT 10.0; Win64; x64) AppleWebKit/537.36 (KHTML, like Gecko) Chrome/59.0.3071.115 Safari/537.36"
101.81.162.4 - - [06/Jul/2017:12:13:56 +0000] "GET /static/js/admin_cd.js HTTP/1.1" 304 0 "http://139.219.225.132/" "Mozilla/5.0 (Windows NT 10.0; Win64; x64) AppleWebKit/537.36 (KHTML, like Gecko) Chrome/59.0.3071.115 Safari/537.36"
101.81.162.4 - - [06/Jul/2017:12:13:56 +0000] "GET /static/js/admin_club.js HTTP/1.1" 304 0 "http://139.219.225.132/" "Mozilla/5.0 (Windows NT 10.0; Win64; x64) AppleWebKit/537.36 (KHTML, like Gecko) Chrome/59.0.3071.115 Safari/537.36"
101.81.162.4 - - [06/Jul/2017:12:13:57 +0000] "GET /static/js/manifest.js.map HTTP/1.1" 304 0 "-" "Mozilla/5.0 (Windows NT 10.0; Win64; x64) AppleWebKit/537.36 (KHTML, like Gecko) Chrome/59.0.3071.115 Safari/537.36"
101.81.162.4 - - [06/Jul/2017:12:13:57 +0000] "GET /static/js/vendor.js.map HTTP/1.1" 304 0 "-" "Mozilla/5.0 (Windows NT 10.0; Win64; x64) AppleWebKit/537.36 (KHTML, like Gecko) Chrome/59.0.3071.115 Safari/537.36"
101.81.162.4 - - [06/Jul/2017:12:13:57 +0000] "GET /static/js/index.js.map HTTP/1.1" 304 0 "-" "Mozilla/5.0 (Windows NT 10.0; Win64; x64) AppleWebKit/537.36 (KHTML, like Gecko) Chrome/59.0.3071.115 Safari/537.36"
101.81.162.4 - - [06/Jul/2017:12:13:57 +0000] "GET /static/js/admin_club.js.map HTTP/1.1" 304 0 "-" "Mozilla/5.0 (Windows NT 10.0; Win64; x64) AppleWebKit/537.36 (KHTML, like Gecko) Chrome/59.0.3071.115 Safari/537.36"
101.81.162.4 - - [06/Jul/2017:12:13:57 +0000] "GET /static/js/admin_cd.js.map HTTP/1.1" 304 0 "-" "Mozilla/5.0 (Windows NT 10.0; Win64; x64) AppleWebKit/537.36 (KHTML, like Gecko) Chrome/59.0.3071.115 Safari/537.36"
223.104.212.51 - - [06/Jul/2017:12:13:58 +0000] "GET / HTTP/1.1" 200 321 "-" "Mozilla/5.0 (Linux; Android 6.0.1; SM-C7010 Build/MMB29M; wv) AppleWebKit/537.36 (KHTML, like Gecko) Version/4.0 Chrome/53.0.2785.49 Mobile MQQBrowser/6.2 TBS/043305 Safari/537.36 V1_AND_SQ_7.1.0_692_YYB_D QQ/7.1.0.3175 NetType/4G WebP/0.3.0 Pixel/1080"
223.104.212.51 - - [06/Jul/2017:12:13:58 +0000] "GET /static/css/admin_club.css HTTP/1.1" 304 0 "http://139.219.225.132/" "Mozilla/5.0 (Linux; Android 6.0.1; SM-C7010 Build/MMB29M; wv) AppleWebKit/537.36 (KHTML, like Gecko) Version/4.0 Chrome/53.0.2785.49 Mobile MQQBrowser/6.2 TBS/043305 Safari/537.36 V1_AND_SQ_7.1.0_692_YYB_D QQ/7.1.0.3175 NetType/4G WebP/0.3.0 Pixel/1080"
223.104.212.51 - - [06/Jul/2017:12:13:58 +0000] "GET /static/css/admin_cd.css HTTP/1.1" 304 0 "http://139.219.225.132/" "Mozilla/5.0 (Linux; Android 6.0.1; SM-C7010 Build/MMB29M; wv) AppleWebKit/537.36 (KHTML, like Gecko) Version/4.0 Chrome/53.0.2785.49 Mobile MQQBrowser/6.2 TBS/043305 Safari/537.36 V1_AND_SQ_7.1.0_692_YYB_D QQ/7.1.0.3175 NetType/4G WebP/0.3.0 Pixel/1080"
223.104.212.51 - - [06/Jul/2017:12:13:58 +0000] "GET /static/css/index.css HTTP/1.1" 304 0 "http://139.219.225.132/" "Mozilla/5.0 (Linux; Android 6.0.1; SM-C7010 Build/MMB29M; wv) AppleWebKit/537.36 (KHTML, like Gecko) Version/4.0 Chrome/53.0.2785.49 Mobile MQQBrowser/6.2 TBS/043305 Safari/537.36 V1_AND_SQ_7.1.0_692_YYB_D QQ/7.1.0.3175 NetType/4G WebP/0.3.0 Pixel/1080"
223.104.212.51 - - [06/Jul/2017:12:13:58 +0000] "GET /static/js/manifest.js HTTP/1.1" 304 0 "http://139.219.225.132/" "Mozilla/5.0 (Linux; Android 6.0.1; SM-C7010 Build/MMB29M; wv) AppleWebKit/537.36 (KHTML, like Gecko) Version/4.0 Chrome/53.0.2785.49 Mobile MQQBrowser/6.2 TBS/043305 Safari/537.36 V1_AND_SQ_7.1.0_692_YYB_D QQ/7.1.0.3175 NetType/4G WebP/0.3.0 Pixel/1080"
223.104.212.51 - - [06/Jul/2017:12:13:58 +0000] "GET /static/js/vendor.js HTTP/1.1" 304 0 "http://139.219.225.132/" "Mozilla/5.0 (Linux; Android 6.0.1; SM-C7010 Build/MMB29M; wv) AppleWebKit/537.36 (KHTML, like Gecko) Version/4.0 Chrome/53.0.2785.49 Mobile MQQBrowser/6.2 TBS/043305 Safari/537.36 V1_AND_SQ_7.1.0_692_YYB_D QQ/7.1.0.3175 NetType/4G WebP/0.3.0 Pixel/1080"
223.104.212.51 - - [06/Jul/2017:12:13:58 +0000] "GET /static/js/admin_club.js HTTP/1.1" 304 0 "http://139.219.225.132/" "Mozilla/5.0 (Linux; Android 6.0.1; SM-C7010 Build/MMB29M; wv) AppleWebKit/537.36 (KHTML, like Gecko) Version/4.0 Chrome/53.0.2785.49 Mobile MQQBrowser/6.2 TBS/043305 Safari/537.36 V1_AND_SQ_7.1.0_692_YYB_D QQ/7.1.0.3175 NetType/4G WebP/0.3.0 Pixel/1080"
223.104.212.51 - - [06/Jul/2017:12:13:58 +0000] "GET /static/js/admin_cd.js HTTP/1.1" 304 0 "http://139.219.225.132/" "Mozilla/5.0 (Linux; Android 6.0.1; SM-C7010 Build/MMB29M; wv) AppleWebKit/537.36 (KHTML, like Gecko) Version/4.0 Chrome/53.0.2785.49 Mobile MQQBrowser/6.2 TBS/043305 Safari/537.36 V1_AND_SQ_7.1.0_692_YYB_D QQ/7.1.0.3175 NetType/4G WebP/0.3.0 Pixel/1080"
223.104.212.51 - - [06/Jul/2017:12:13:58 +0000] "GET /static/js/index.js HTTP/1.1" 304 0 "http://139.219.225.132/" "Mozilla/5.0 (Linux; Android 6.0.1; SM-C7010 Build/MMB29M; wv) AppleWebKit/537.36 (KHTML, like Gecko) Version/4.0 Chrome/53.0.2785.49 Mobile MQQBrowser/6.2 TBS/043305 Safari/537.36 V1_AND_SQ_7.1.0_692_YYB_D QQ/7.1.0.3175 NetType/4G WebP/0.3.0 Pixel/1080"
223.104.212.51 - - [06/Jul/2017:12:14:00 +0000] "GET /static/img/qlt.41dbdf0.jpg HTTP/1.1" 304 0 "http://139.219.225.132/static/css/index.css" "Mozilla/5.0 (Linux; Android 6.0.1; SM-C7010 Build/MMB29M; wv) AppleWebKit/537.36 (KHTML, like Gecko) Version/4.0 Chrome/53.0.2785.49 Mobile MQQBrowser/6.2 TBS/043305 Safari/537.36 V1_AND_SQ_7.1.0_692_YYB_D QQ/7.1.0.3175 NetType/4G WebP/0.3.0 Pixel/1080"
58.247.149.197 - - [06/Jul/2017:12:14:14 +0000] "GET / HTTP/1.1" 200 321 "-" "Mozilla/5.0 (iPad; CPU OS 10_2_1 like Mac OS X) AppleWebKit/602.4.6 (KHTML, like Gecko) Mobile/14D27 IPadQQ/6.6.1.136 QQ/6.6.1.136"
58.247.149.197 - - [06/Jul/2017:12:14:14 +0000] "GET /static/js/jquery-3.2.1.min.js HTTP/1.1" 200 86659 "http://139.219.225.132/" "Mozilla/5.0 (iPad; CPU OS 10_2_1 like Mac OS X) AppleWebKit/602.4.6 (KHTML, like Gecko) Mobile/14D27 IPadQQ/6.6.1.136 QQ/6.6.1.136"
58.247.149.197 - - [06/Jul/2017:12:14:14 +0000] "GET /static/js/jquery.waypoints.min.js HTTP/1.1" 200 8835 "http://139.219.225.132/" "Mozilla/5.0 (iPad; CPU OS 10_2_1 like Mac OS X) AppleWebKit/602.4.6 (KHTML, like Gecko) Mobile/14D27 IPadQQ/6.6.1.136 QQ/6.6.1.136"
58.247.149.197 - - [06/Jul/2017:12:14:14 +0000] "GET /static/js/jquery.flexslider-min.js HTTP/1.1" 200 22342 "http://139.219.225.132/" "Mozilla/5.0 (iPad; CPU OS 10_2_1 like Mac OS X) AppleWebKit/602.4.6 (KHTML, like Gecko) Mobile/14D27 IPadQQ/6.6.1.136 QQ/6.6.1.136"
58.247.149.197 - - [06/Jul/2017:12:14:14 +0000] "GET /static/js/main.js HTTP/1.1" 200 5838 "http://139.219.225.132/" "Mozilla/5.0 (iPad; CPU OS 10_2_1 like Mac OS X) AppleWebKit/602.4.6 (KHTML, like Gecko) Mobile/14D27 IPadQQ/6.6.1.136 QQ/6.6.1.136"
58.247.149.197 - - [06/Jul/2017:12:14:14 +0000] "GET /static/css/admin_cd.css HTTP/1.1" 200 245201 "http://139.219.225.132/" "Mozilla/5.0 (iPad; CPU OS 10_2_1 like Mac OS X) AppleWebKit/602.4.6 (KHTML, like Gecko) Mobile/14D27 IPadQQ/6.6.1.136 QQ/6.6.1.136"
58.247.149.197 - - [06/Jul/2017:12:14:14 +0000] "GET /static/js/manifest.js HTTP/1.1" 200 1418 "http://139.219.225.132/" "Mozilla/5.0 (iPad; CPU OS 10_2_1 like Mac OS X) AppleWebKit/602.4.6 (KHTML, like Gecko) Mobile/14D27 IPadQQ/6.6.1.136 QQ/6.6.1.136"
58.247.149.197 - - [06/Jul/2017:12:14:14 +0000] "GET /static/js/admin_club.js HTTP/1.1" 200 56805 "http://139.219.225.132/" "Mozilla/5.0 (iPad; CPU OS 10_2_1 like Mac OS X) AppleWebKit/602.4.6 (KHTML, like Gecko) Mobile/14D27 IPadQQ/6.6.1.136 QQ/6.6.1.136"
58.247.149.197 - - [06/Jul/2017:12:14:14 +0000] "GET /static/js/admin_cd.js HTTP/1.1" 200 27934 "http://139.219.225.132/" "Mozilla/5.0 (iPad; CPU OS 10_2_1 like Mac OS X) AppleWebKit/602.4.6 (KHTML, like Gecko) Mobile/14D27 IPadQQ/6.6.1.136 QQ/6.6.1.136"
58.247.149.197 - - [06/Jul/2017:12:14:14 +0000] "GET /static/css/admin_club.css HTTP/1.1" 200 506493 "http://139.219.225.132/" "Mozilla/5.0 (iPad; CPU OS 10_2_1 like Mac OS X) AppleWebKit/602.4.6 (KHTML, like Gecko) Mobile/14D27 IPadQQ/6.6.1.136 QQ/6.6.1.136"
58.247.149.197 - - [06/Jul/2017:12:14:14 +0000] "GET /static/js/vendor.js HTTP/1.1" 200 612278 "http://139.219.225.132/" "Mozilla/5.0 (iPad; CPU OS 10_2_1 like Mac OS X) AppleWebKit/602.4.6 (KHTML, like Gecko) Mobile/14D27 IPadQQ/6.6.1.136 QQ/6.6.1.136"
58.247.149.197 - - [06/Jul/2017:12:14:14 +0000] "GET /static/js/index.js HTTP/1.1" 200 48565 "http://139.219.225.132/" "Mozilla/5.0 (iPad; CPU OS 10_2_1 like Mac OS X) AppleWebKit/602.4.6 (KHTML, like Gecko) Mobile/14D27 IPadQQ/6.6.1.136 QQ/6.6.1.136"
58.247.149.197 - - [06/Jul/2017:12:14:14 +0000] "GET /static/css/index.css HTTP/1.1" 200 749578 "http://139.219.225.132/" "Mozilla/5.0 (iPad; CPU OS 10_2_1 like Mac OS X) AppleWebKit/602.4.6 (KHTML, like Gecko) Mobile/14D27 IPadQQ/6.6.1.136 QQ/6.6.1.136"
